Feb  4 10:28:11 lanit kernel: [ 2170.224294] SGI XFS with ACLs, security attributes, realtime, no debug enabled
Feb  4 10:28:11 lanit kernel: [ 2170.346982] JFS: nTxBlock = 8192, nTxLock = 65536
Feb  4 10:28:11 lanit kernel: [ 2170.368331] ntfs: driver 2.1.32 [Flags: R/O MODULE].
Feb  4 10:28:11 lanit kernel: [ 2170.410073] QNX4 filesystem 0.2.3 registered.
Feb  4 10:29:26 lanit kernel: [ 2245.347387] audit: type=1400 audit(1549258166.560:75): apparmor="STATUS" operation="profile_load" profile="unconfined" name="libreoffice-oopslash" pid=15231 comm="apparmor_parser"
Feb  4 10:29:26 lanit kernel: [ 2245.374775] audit: type=1400 audit(1549258166.584:76): apparmor="STATUS" operation="profile_load" profile="unconfined" name="libreoffice-senddoc" pid=15238 comm="apparmor_parser"
Feb  4 10:29:27 lanit kernel: [ 2245.939270] audit: type=1400 audit(1549258167.152:77): apparmor="STATUS" operation="profile_load" profile="unconfined" name="libreoffice-soffice" pid=15245 comm="apparmor_parser"
Feb  4 10:29:27 lanit kernel: [ 2245.939658] audit: type=1400 audit(1549258167.152:78): apparmor="STATUS" operation="profile_load" profile="unconfined" name="libreoffice-soffice//gpg" pid=15245 comm="apparmor_parser"
Feb  4 10:29:27 lanit kernel: [ 2245.969463] audit: type=1400 audit(1549258167.180:79): apparmor="STATUS" operation="profile_load" profile="unconfined" name="libreoffice-xpdfimport" pid=15252 comm="apparmor_parser"
Feb  4 10:30:01 lanit kernel: [ 2280.703638] rfkill: input handler enabled
Feb  4 10:30:30 lanit kernel: [    0.000000] microcode: microcode updated early to revision 0x25, date = 2018-04-02
Feb  4 10:30:30 lanit kernel: [    0.000000] Linux version 4.15.0-44-generic (buildd@lcy01-amd64-010) (gcc version 7.3.0 (Ubuntu 7.3.0-16ubuntu3)) #47-Ubuntu SMP Mon Jan 14 11:26:59 UTC 2019 (Ubuntu 4.15.0-44.47-generic 4.15.18)
Feb  4 10:30:30 lanit kernel: [    0.000000] Command line: BOOT_IMAGE=/boot/vmlinuz-4.15.0-44-generic root=UUID=785d4097-3d4f-43a4-a606-5b236926499e ro quiet splash vt.handoff=1
Feb  4 10:30:30 lanit kernel: [    0.000000] KERNEL supported cpus:
Feb  4 10:30:30 lanit kernel: [    0.000000]   Intel GenuineIntel
Feb  4 10:30:30 lanit kernel: [    0.000000]   AMD AuthenticAMD
Feb  4 10:30:30 lanit kernel: [    0.000000]   Centaur CentaurHauls
Feb  4 10:30:30 lanit kernel: [    0.000000] x86/fpu: Supporting XSAVE feature 0x001: 'x87 floating point registers'
Feb  4 10:30:30 lanit kernel: [    0.000000] x86/fpu: Supporting XSAVE feature 0x002: 'SSE registers'
Feb  4 10:30:30 lanit kernel: [    0.000000] x86/fpu: Supporting XSAVE feature 0x004: 'AVX registers'
Feb  4 10:30:30 lanit kernel: [    0.000000] x86/fpu: xstate_offset[2]:  576, xstate_sizes[2]:  256
Feb  4 10:30:30 lanit kernel: [    0.000000] x86/fpu: Enabled xstate features 0x7, context size is 832 bytes, using 'standard' format.
Feb  4 10:30:30 lanit kernel: [    0.000000] e820: BIOS-provided physical RAM map:
Feb  4 10:30:30 lanit kernel: [    0.000000] BIOS-e820: [mem 0x0000000000000000-0x000000000009d7ff] usable
Feb  4 10:30:30 lanit kernel: [    0.000000] BIOS-e820: [mem 0x000000000009d800-0x000000000009ffff] reserved
Feb  4 10:30:30 lanit kernel: [    0.000000] BIOS-e820: [mem 0x00000000000e0000-0x00000000000fffff] reserved
Feb  4 10:30:30 lanit kernel: [    0.000000] BIOS-e820: [mem 0x0000000000100000-0x00000000c5943fff] usable
Feb  4 10:30:30 lanit kernel: [    0.000000] BIOS-e820: [mem 0x00000000c5944000-0x00000000c594afff] ACPI NVS
Feb  4 10:30:30 lanit kernel: [    0.000000] BIOS-e820: [mem 0x00000000c594b000-0x00000000c5d9ffff] usable
Feb  4 10:30:30 lanit kernel: [    0.000000] BIOS-e820: [mem 0x00000000c5da0000-0x00000000c61d6fff] reserved
Feb  4 10:30:30 lanit kernel: [    0.000000] BIOS-e820: [mem 0x00000000c61d7000-0x00000000d8601fff] usable
Feb  4 10:30:30 lanit kernel: [    0.000000] BIOS-e820: [mem 0x00000000d8602000-0x00000000d868bfff] reserved
Feb  4 10:30:30 lanit kernel: [    0.000000] BIOS-e820: [mem 0x00000000d868c000-0x00000000d86a4fff] ACPI data
Feb  4 10:30:30 lanit kernel: [    0.000000] BIOS-e820: [mem 0x00000000d86a5000-0x00000000d8be0fff] ACPI NVS
Feb  4 10:30:30 lanit kernel: [    0.000000] BIOS-e820: [mem 0x00000000d8be1000-0x00000000d9ffefff] reserved
Feb  4 10:30:30 lanit kernel: [    0.000000] BIOS-e820: [mem 0x00000000d9fff000-0x00000000d9ffffff] usable
Feb  4 10:30:30 lanit kernel: [    0.000000] BIOS-e820: [mem 0x00000000db000000-0x00000000df1fffff] reserved
Feb  4 10:30:30 lanit kernel: [    0.000000] BIOS-e820: [mem 0x00000000f8000000-0x00000000fbffffff] reserved
Feb  4 10:30:30 lanit kernel: [    0.000000] BIOS-e820: [mem 0x00000000fec00000-0x00000000fec00fff] reserved
Feb  4 10:30:30 lanit kernel: [    0.000000] BIOS-e820: [mem 0x00000000fed00000-0x00000000fed03fff] reserved
Feb  4 10:30:30 lanit kernel: [    0.000000] BIOS-e820: [mem 0x00000000fed1c000-0x00000000fed1ffff] reserved
Feb  4 10:30:30 lanit kernel: [    0.000000] BIOS-e820: [mem 0x00000000fee00000-0x00000000fee00fff] reserved
Feb  4 10:30:30 lanit kernel: [    0.000000] BIOS-e820: [mem 0x00000000ff000000-0x00000000ffffffff] reserved
Feb  4 10:30:30 lanit kernel: [    0.000000] BIOS-e820: [mem 0x0000000100000000-0x000000021fdfffff] usable
Feb  4 10:30:30 lanit kernel: [    0.000000] NX (Execute Disable) protection: active
Feb  4 10:30:30 lanit kernel: [    0.000000] SMBIOS 2.7 present.
Feb  4 10:30:30 lanit kernel: [    0.000000] DMI: ASUS All Series/H81M-K, BIOS 1104 02/22/2016
Feb  4 10:30:30 lanit kernel: [    0.000000] e820: update [mem 0x00000000-0x00000fff] usable ==> reserved
Feb  4 10:30:30 lanit kernel: [    0.000000] e820: remove [mem 0x000a0000-0x000fffff] usable
Feb  4 10:30:30 lanit kernel: [    0.000000] e820: last_pfn = 0x21fe00 max_arch_pfn = 0x400000000
Feb  4 10:30:30 lanit kernel: [    0.000000] MTRR default type: uncachable
Feb  4 10:30:30 lanit kernel: [    0.000000] MTRR fixed ranges enabled:
Feb  4 10:30:30 lanit kernel: [    0.000000]   00000-9FFFF write-back
Feb  4 10:30:30 lanit kernel: [    0.000000]   A0000-BFFFF uncachable
Feb  4 10:30:30 lanit kernel: [    0.000000]   C0000-CFFFF write-protect
Feb  4 10:30:30 lanit kernel: [    0.000000]   D0000-E7FFF uncachable
Feb  4 10:30:30 lanit kernel: [    0.000000]   E8000-FFFFF write-protect
Feb  4 10:30:30 lanit kernel: [    0.000000] MTRR variable ranges enabled:
Feb  4 10:30:30 lanit kernel: [    0.000000]   0 base 0000000000 mask 7E00000000 write-back
Feb  4 10:30:30 lanit kernel: [    0.000000]   1 base 0200000000 mask 7FE0000000 write-back
Feb  4 10:30:30 lanit kernel: [    0.000000]   2 base 00E0000000 mask 7FE0000000 uncachable
Feb  4 10:30:30 lanit kernel: [    0.000000]   3 base 00DC000000 mask 7FFC000000 uncachable
Feb  4 10:30:30 lanit kernel: [    0.000000]   4 base 00DB000000 mask 7FFF000000 uncachable
Feb  4 10:30:30 lanit kernel: [    0.000000]   5 base 021FE00000 mask 7FFFE00000 uncachable
Feb  4 10:30:30 lanit kernel: [    0.000000]   6 disabled
Feb  4 10:30:30 lanit kernel: [    0.000000]   7 disabled
Feb  4 10:30:30 lanit kernel: [    0.000000]   8 disabled
Feb  4 10:30:30 lanit kernel: [    0.000000]   9 disabled
Feb  4 10:30:30 lanit kernel: [    0.000000] x86/PAT: Configuration [0-7]: WB  WC  UC- UC  WB  WP  UC- WT  
Feb  4 10:30:30 lanit kernel: [    0.000000] total RAM covered: 8110M
Feb  4 10:30:30 lanit kernel: [    0.000000] Found optimal setting for mtrr clean up
Feb  4 10:30:30 lanit kernel: [    0.000000]  gran_size: 64K 	chunk_size: 128M 	num_reg: 8  	lose cover RAM: 0G
Feb  4 10:30:30 lanit kernel: [    0.000000] e820: update [mem 0xdb000000-0xffffffff] usable ==> reserved
Feb  4 10:30:30 lanit kernel: [    0.000000] e820: last_pfn = 0xda000 max_arch_pfn = 0x400000000
Feb  4 10:30:30 lanit kernel: [    0.000000] found SMP MP-table at [mem 0x000fd730-0x000fd73f] mapped at [        (ptrval)]
Feb  4 10:30:30 lanit kernel: [    0.000000] Scanning 1 areas for low memory corruption
Feb  4 10:30:30 lanit kernel: [    0.000000] Base memory trampoline at [        (ptrval)] 97000 size 24576
Feb  4 10:30:30 lanit kernel: [    0.000000] Using GB pages for direct mapping
Feb  4 10:30:30 lanit kernel: [    0.000000] BRK [0x193d3f000, 0x193d3ffff] PGTABLE
Feb  4 10:30:30 lanit kernel: [    0.000000] BRK [0x193d40000, 0x193d40fff] PGTABLE
Feb  4 10:30:30 lanit kernel: [    0.000000] BRK [0x193d41000, 0x193d41fff] PGTABLE
Feb  4 10:30:30 lanit kernel: [    0.000000] BRK [0x193d42000, 0x193d42fff] PGTABLE
Feb  4 10:30:30 lanit kernel: [    0.000000] BRK [0x193d43000, 0x193d43fff] PGTABLE
Feb  4 10:30:30 lanit kernel: [    0.000000] BRK [0x193d44000, 0x193d44fff] PGTABLE
Feb  4 10:30:30 lanit kernel: [    0.000000] BRK [0x193d45000, 0x193d45fff] PGTABLE
Feb  4 10:30:30 lanit kernel: [    0.000000] BRK [0x193d46000, 0x193d46fff] PGTABLE
Feb  4 10:30:30 lanit kernel: [    0.000000] BRK [0x193d47000, 0x193d47fff] PGTABLE
Feb  4 10:30:30 lanit kernel: [    0.000000] BRK [0x193d48000, 0x193d48fff] PGTABLE
Feb  4 10:30:30 lanit kernel: [    0.000000] BRK [0x193d49000, 0x193d49fff] PGTABLE
Feb  4 10:30:30 lanit kernel: [    0.000000] RAMDISK: [mem 0x30f1f000-0x34786fff]
Feb  4 10:30:30 lanit kernel: [    0.000000] ACPI: Early table checksum verification disabled
Feb  4 10:30:30 lanit kernel: [    0.000000] ACPI: RSDP 0x00000000000F0490 000024 (v02 ALASKA)
Feb  4 10:30:30 lanit kernel: [    0.000000] ACPI: XSDT 0x00000000D8691080 00007C (v01 ALASKA A M I    01072009 AMI  00010013)
Feb  4 10:30:30 lanit kernel: [    0.000000] ACPI: FACP 0x00000000D869F540 00010C (v05 ALASKA A M I    01072009 AMI  00010013)
Feb  4 10:30:30 lanit kernel: [    0.000000] ACPI: DSDT 0x00000000D8691198 00E3A3 (v02 ALASKA A M I    00000031 INTL 20091112)
Feb  4 10:30:30 lanit kernel: [    0.000000] ACPI: FACS 0x00000000D8BDF080 000040
Feb  4 10:30:30 lanit kernel: [    0.000000] ACPI: APIC 0x00000000D869F650 000072 (v03 ALASKA A M I    01072009 AMI  00010013)
Feb  4 10:30:30 lanit kernel: [    0.000000] ACPI: FPDT 0x00000000D869F6C8 000044 (v01 ALASKA A M I    01072009 AMI  00010013)
Feb  4 10:30:30 lanit kernel: [    0.000000] ACPI: LPIT 0x00000000D869F710 00005C (v01 ALASKA A M I    00000000 AMI. 00000005)
Feb  4 10:30:30 lanit kernel: [    0.000000] ACPI: SSDT 0x00000000D869F770 000539 (v01 PmRef  Cpu0Ist  00003000 INTL 20091112)
Feb  4 10:30:30 lanit kernel: [    0.000000] ACPI: SSDT 0x00000000D869FCB0 000AD8 (v01 PmRef  CpuPm    00003000 INTL 20091112)
Feb  4 10:30:30 lanit kernel: [    0.000000] ACPI: MCFG 0x00000000D86A0788 00003C (v01 ALASKA A M I    01072009 MSFT 00000097)
Feb  4 10:30:30 lanit kernel: [    0.000000] ACPI: HPET 0x00000000D86A07C8 000038 (v01 ALASKA A M I    01072009 AMI. 00000005)
Feb  4 10:30:30 lanit kernel: [    0.000000] ACPI: SSDT 0x00000000D86A0800 00036D (v01 SataRe SataTabl 00001000 INTL 20091112)
Feb  4 10:30:30 lanit kernel: [    0.000000] ACPI: SSDT 0x00000000D86A0B70 0034E1 (v01 SaSsdt SaSsdt   00003000 INTL 20091112)
Feb  4 10:30:30 lanit kernel: [    0.000000] ACPI: BGRT 0x00000000D86A40B0 000038 (v00 ALASKA A M I    01072009 AMI  00010013)
Feb  4 10:30:30 lanit kernel: [    0.000000] ACPI: Local APIC address 0xfee00000
Feb  4 10:30:30 lanit kernel: [    0.000000] No NUMA configuration found
Feb  4 10:30:30 lanit kernel: [    0.000000] Faking a node at [mem 0x0000000000000000-0x000000021fdfffff]
Feb  4 10:30:30 lanit kernel: [    0.000000] NODE_DATA(0) allocated [mem 0x21fdd5000-0x21fdfffff]
Feb  4 10:30:30 lanit kernel: [    0.000000] tsc: Fast TSC calibration using PIT
Feb  4 10:30:30 lanit kernel: [    0.000000] Zone ranges:
Feb  4 10:30:30 lanit kernel: [    0.000000]   DMA      [mem 0x0000000000001000-0x0000000000ffffff]
Feb  4 10:30:30 lanit kernel: [    0.000000]   DMA32    [mem 0x0000000001000000-0x00000000ffffffff]
Feb  4 10:30:30 lanit kernel: [    0.000000]   Normal   [mem 0x0000000100000000-0x000000021fdfffff]
Feb  4 10:30:30 lanit kernel: [    0.000000]   Device   empty
Feb  4 10:30:30 lanit kernel: [    0.000000] Movable zone start for each node
Feb  4 10:30:30 lanit kernel: [    0.000000] Early memory node ranges
Feb  4 10:30:30 lanit kernel: [    0.000000]   node   0: [mem 0x0000000000001000-0x000000000009cfff]
Feb  4 10:30:30 lanit kernel: [    0.000000]   node   0: [mem 0x0000000000100000-0x00000000c5943fff]
Feb  4 10:30:30 lanit kernel: [    0.000000]   node   0: [mem 0x00000000c594b000-0x00000000c5d9ffff]
Feb  4 10:30:30 lanit kernel: [    0.000000]   node   0: [mem 0x00000000c61d7000-0x00000000d8601fff]
Feb  4 10:30:30 lanit kernel: [    0.000000]   node   0: [mem 0x00000000d9fff000-0x00000000d9ffffff]
Feb  4 10:30:30 lanit kernel: [    0.000000]   node   0: [mem 0x0000000100000000-0x000000021fdfffff]
Feb  4 10:30:30 lanit kernel: [    0.000000] Reserved but unavailable: 32415 pages
Feb  4 10:30:30 lanit kernel: [    0.000000] Initmem setup node 0 [mem 0x0000000000001000-0x000000021fdfffff]
Feb  4 10:30:30 lanit kernel: [    0.000000] On node 0 totalpages: 2064225
Feb  4 10:30:30 lanit kernel: [    0.000000]   DMA zone: 64 pages used for memmap
Feb  4 10:30:30 lanit kernel: [    0.000000]   DMA zone: 21 pages reserved
Feb  4 10:30:30 lanit kernel: [    0.000000]   DMA zone: 3996 pages, LIFO batch:0
Feb  4 10:30:30 lanit kernel: [    0.000000]   DMA32 zone: 13768 pages used for memmap
Feb  4 10:30:30 lanit kernel: [    0.000000]   DMA32 zone: 881093 pages, LIFO batch:31
Feb  4 10:30:30 lanit kernel: [    0.000000]   Normal zone: 18424 pages used for memmap
Feb  4 10:30:30 lanit kernel: [    0.000000]   Normal zone: 1179136 pages, LIFO batch:31
Feb  4 10:30:30 lanit kernel: [    0.000000] Reserving Intel graphics memory at 0x00000000db200000-0x00000000df1fffff
Feb  4 10:30:30 lanit kernel: [    0.000000] ACPI: PM-Timer IO Port: 0x1808
Feb  4 10:30:30 lanit kernel: [    0.000000] ACPI: Local APIC address 0xfee00000
Feb  4 10:30:30 lanit kernel: [    0.000000] ACPI: LAPIC_NMI (acpi_id[0xff] high edge lint[0x1])
Feb  4 10:30:30 lanit kernel: [    0.000000] IOAPIC[0]: apic_id 8, version 32, address 0xfec00000, GSI 0-23
Feb  4 10:30:30 lanit kernel: [    0.000000] ACPI: INT_SRC_OVR (bus 0 bus_irq 0 global_irq 2 dfl dfl)
Feb  4 10:30:30 lanit kernel: [    0.000000] ACPI: INT_SRC_OVR (bus 0 bus_irq 9 global_irq 9 high level)
Feb  4 10:30:30 lanit kernel: [    0.000000] ACPI: IRQ0 used by override.
Feb  4 10:30:30 lanit kernel: [    0.000000] ACPI: IRQ9 used by override.
Feb  4 10:30:30 lanit kernel: [    0.000000] Using ACPI (MADT) for SMP configuration information
Feb  4 10:30:30 lanit kernel: [    0.000000] ACPI: HPET id: 0x8086a701 base: 0xfed00000
Feb  4 10:30:30 lanit kernel: [    0.000000] smpboot: Allowing 4 CPUs, 0 hotplug CPUs
Feb  4 10:30:30 lanit kernel: [    0.000000] PM: Registered nosave memory: [mem 0x00000000-0x00000fff]
Feb  4 10:30:30 lanit kernel: [    0.000000] PM: Registered nosave memory: [mem 0x0009d000-0x0009dfff]
Feb  4 10:30:30 lanit kernel: [    0.000000] PM: Registered nosave memory: [mem 0x0009e000-0x0009ffff]
Feb  4 10:30:30 lanit kernel: [    0.000000] PM: Registered nosave memory: [mem 0x000a0000-0x000dffff]
Feb  4 10:30:30 lanit kernel: [    0.000000] PM: Registered nosave memory: [mem 0x000e0000-0x000fffff]
Feb  4 10:30:30 lanit kernel: [    0.000000] PM: Registered nosave memory: [mem 0xc5944000-0xc594afff]
Feb  4 10:30:30 lanit kernel: [    0.000000] PM: Registered nosave memory: [mem 0xc5da0000-0xc61d6fff]
Feb  4 10:30:30 lanit kernel: [    0.000000] PM: Registered nosave memory: [mem 0xd8602000-0xd868bfff]
Feb  4 10:30:30 lanit kernel: [    0.000000] PM: Registered nosave memory: [mem 0xd868c000-0xd86a4fff]
Feb  4 10:30:30 lanit kernel: [    0.000000] PM: Registered nosave memory: [mem 0xd86a5000-0xd8be0fff]
Feb  4 10:30:30 lanit kernel: [    0.000000] PM: Registered nosave memory: [mem 0xd8be1000-0xd9ffefff]
Feb  4 10:30:30 lanit kernel: [    0.000000] PM: Registered nosave memory: [mem 0xda000000-0xdaffffff]
Feb  4 10:30:30 lanit kernel: [    0.000000] PM: Registered nosave memory: [mem 0xdb000000-0xdf1fffff]
Feb  4 10:30:30 lanit kernel: [    0.000000] PM: Registered nosave memory: [mem 0xdf200000-0xf7ffffff]
Feb  4 10:30:30 lanit kernel: [    0.000000] PM: Registered nosave memory: [mem 0xf8000000-0xfbffffff]
Feb  4 10:30:30 lanit kernel: [    0.000000] PM: Registered nosave memory: [mem 0xfc000000-0xfebfffff]
Feb  4 10:30:30 lanit kernel: [    0.000000] PM: Registered nosave memory: [mem 0xfec00000-0xfec00fff]
Feb  4 10:30:30 lanit kernel: [    0.000000] PM: Registered nosave memory: [mem 0xfec01000-0xfecfffff]
Feb  4 10:30:30 lanit kernel: [    0.000000] PM: Registered nosave memory: [mem 0xfed00000-0xfed03fff]
Feb  4 10:30:30 lanit kernel: [    0.000000] PM: Registered nosave memory: [mem 0xfed04000-0xfed1bfff]
Feb  4 10:30:30 lanit kernel: [    0.000000] PM: Registered nosave memory: [mem 0xfed1c000-0xfed1ffff]
Feb  4 10:30:30 lanit kernel: [    0.000000] PM: Registered nosave memory: [mem 0xfed20000-0xfedfffff]
Feb  4 10:30:30 lanit kernel: [    0.000000] PM: Registered nosave memory: [mem 0xfee00000-0xfee00fff]
Feb  4 10:30:30 lanit kernel: [    0.000000] PM: Registered nosave memory: [mem 0xfee01000-0xfeffffff]
Feb  4 10:30:30 lanit kernel: [    0.000000] PM: Registered nosave memory: [mem 0xff000000-0xffffffff]
Feb  4 10:30:30 lanit kernel: [    0.000000] e820: [mem 0xdf200000-0xf7ffffff] available for PCI devices
Feb  4 10:30:30 lanit kernel: [    0.000000] Booting paravirtualized kernel on bare hardware
Feb  4 10:30:30 lanit kernel: [    0.000000] clocksource: refined-jiffies: mask: 0xffffffff max_cycles: 0xffffffff, max_idle_ns: 7645519600211568 ns
Feb  4 10:30:30 lanit kernel: [    0.000000] random: get_random_bytes called from start_kernel+0x99/0x4fd with crng_init=0
Feb  4 10:30:30 lanit kernel: [    0.000000] setup_percpu: NR_CPUS:8192 nr_cpumask_bits:4 nr_cpu_ids:4 nr_node_ids:1
Feb  4 10:30:30 lanit kernel: [    0.000000] percpu: Embedded 46 pages/cpu @        (ptrval) s151552 r8192 d28672 u524288
Feb  4 10:30:30 lanit kernel: [    0.000000] pcpu-alloc: s151552 r8192 d28672 u524288 alloc=1*2097152
Feb  4 10:30:30 lanit kernel: [    0.000000] pcpu-alloc: [0] 0 1 2 3 
Feb  4 10:30:30 lanit kernel: [    0.000000] Built 1 zonelists, mobility grouping on.  Total pages: 2031948
Feb  4 10:30:30 lanit kernel: [    0.000000] Policy zone: Normal
Feb  4 10:30:30 lanit kernel: [    0.000000] Kernel command line: BOOT_IMAGE=/boot/vmlinuz-4.15.0-44-generic root=UUID=785d4097-3d4f-43a4-a606-5b236926499e ro quiet splash vt.handoff=1
Feb  4 10:30:30 lanit kernel: [    0.000000] Calgary: detecting Calgary via BIOS EBDA area
Feb  4 10:30:30 lanit kernel: [    0.000000] Calgary: Unable to locate Rio Grande table in EBDA - bailing!
Feb  4 10:30:30 lanit kernel: [    0.000000] Memory: 7973116K/8256900K available (12300K kernel code, 2473K rwdata, 4252K rodata, 2408K init, 2416K bss, 283784K reserved, 0K cma-reserved)
Feb  4 10:30:30 lanit kernel: [    0.000000] SLUB: HWalign=64, Order=0-3, MinObjects=0, CPUs=4, Nodes=1
Feb  4 10:30:30 lanit kernel: [    0.000000] Kernel/User page tables isolation: enabled
Feb  4 10:30:30 lanit kernel: [    0.000000] ftrace: allocating 39194 entries in 154 pages
Feb  4 10:30:30 lanit kernel: [    0.000000] Hierarchical RCU implementation.
Feb  4 10:30:30 lanit kernel: [    0.000000] 	RCU restricting CPUs from NR_CPUS=8192 to nr_cpu_ids=4.
Feb  4 10:30:30 lanit kernel: [    0.000000] 	Tasks RCU enabled.
Feb  4 10:30:30 lanit kernel: [    0.000000] RCU: Adjusting geometry for rcu_fanout_leaf=16, nr_cpu_ids=4
Feb  4 10:30:30 lanit kernel: [    0.000000] NR_IRQS: 524544, nr_irqs: 456, preallocated irqs: 16
Feb  4 10:30:30 lanit kernel: [    0.000000] vt handoff: transparent VT on vt#1
Feb  4 10:30:30 lanit kernel: [    0.000000] Console: colour dummy device 80x25
Feb  4 10:30:30 lanit kernel: [    0.000000] console [tty0] enabled
Feb  4 10:30:30 lanit kernel: [    0.000000] ACPI: Core revision 20170831
Feb  4 10:30:30 lanit kernel: [    0.000000] ACPI: 5 ACPI AML tables successfully acquired and loaded
Feb  4 10:30:30 lanit kernel: [    0.000000] clocksource: hpet: mask: 0xffffffff max_cycles: 0xffffffff, max_idle_ns: 133484882848 ns
Feb  4 10:30:30 lanit kernel: [    0.000000] hpet clockevent registered
Feb  4 10:30:30 lanit kernel: [    0.000000] APIC: Switch to symmetric I/O mode setup
Feb  4 10:30:30 lanit kernel: [    0.000000] ..TIMER: vector=0x30 apic1=0 pin1=2 apic2=-1 pin2=-1
Feb  4 10:30:30 lanit kernel: [    0.020000] tsc: Fast TSC calibration using PIT
Feb  4 10:30:30 lanit kernel: [    0.024000] tsc: Detected 3392.431 MHz processor
Feb  4 10:30:30 lanit kernel: [    0.024000] Calibrating delay loop (skipped), value calculated using timer frequency.. 6784.86 BogoMIPS (lpj=13569724)
Feb  4 10:30:30 lanit kernel: [    0.024000] pid_max: default: 32768 minimum: 301
Feb  4 10:30:30 lanit kernel: [    0.024000] Security Framework initialized
Feb  4 10:30:30 lanit kernel: [    0.024000] Yama: becoming mindful.
Feb  4 10:30:30 lanit kernel: [    0.024000] AppArmor: AppArmor initialized
Feb  4 10:30:30 lanit kernel: [    0.024000] Dentry cache hash table entries: 1048576 (order: 11, 8388608 bytes)
Feb  4 10:30:30 lanit kernel: [    0.024000] Inode-cache hash table entries: 524288 (order: 10, 4194304 bytes)
Feb  4 10:30:30 lanit kernel: [    0.024000] Mount-cache hash table entries: 16384 (order: 5, 131072 bytes)
Feb  4 10:30:30 lanit kernel: [    0.024000] Mountpoint-cache hash table entries: 16384 (order: 5, 131072 bytes)
Feb  4 10:30:30 lanit kernel: [    0.024000] ENERGY_PERF_BIAS: Set to 'normal', was 'performance'
Feb  4 10:30:30 lanit kernel: [    0.024000] ENERGY_PERF_BIAS: View and update with x86_energy_perf_policy(8)
Feb  4 10:30:30 lanit kernel: [    0.024000] mce: CPU supports 7 MCE banks
Feb  4 10:30:30 lanit kernel: [    0.024000] CPU0: Thermal monitoring enabled (TM1)
Feb  4 10:30:30 lanit kernel: [    0.024000] process: using mwait in idle threads
Feb  4 10:30:30 lanit kernel: [    0.024000] Last level iTLB entries: 4KB 1024, 2MB 1024, 4MB 1024
Feb  4 10:30:30 lanit kernel: [    0.024000] Last level dTLB entries: 4KB 1024, 2MB 1024, 4MB 1024, 1GB 4
Feb  4 10:30:30 lanit kernel: [    0.024000] Spectre V2 : Mitigation: Full generic retpoline
Feb  4 10:30:30 lanit kernel: [    0.024000] Spectre V2 : Spectre v2 / SpectreRSB mitigation: Filling RSB on context switch
Feb  4 10:30:30 lanit kernel: [    0.024000] Spectre V2 : Spectre v2 mitigation: Enabling Indirect Branch Prediction Barrier
Feb  4 10:30:30 lanit kernel: [    0.024000] Spectre V2 : Enabling Restricted Speculation for firmware calls
Feb  4 10:30:30 lanit kernel: [    0.024000] Speculative Store Bypass: Mitigation: Speculative Store Bypass disabled via prctl and seccomp
Feb  4 10:30:30 lanit kernel: [    0.031916] Freeing SMP alternatives memory: 36K
Feb  4 10:30:30 lanit kernel: [    0.033113] TSC deadline timer enabled
Feb  4 10:30:30 lanit kernel: [    0.033115] smpboot: CPU0: Intel(R) Core(TM) i3-4130 CPU @ 3.40GHz (family: 0x6, model: 0x3c, stepping: 0x3)
Feb  4 10:30:30 lanit kernel: [    0.033163] Performance Events: PEBS fmt2+, Haswell events, 16-deep LBR, full-width counters, Intel PMU driver.
Feb  4 10:30:30 lanit kernel: [    0.033191] ... version:                3
Feb  4 10:30:30 lanit kernel: [    0.033191] ... bit width:              48
Feb  4 10:30:30 lanit kernel: [    0.033192] ... generic registers:      4
Feb  4 10:30:30 lanit kernel: [    0.033192] ... value mask:             0000ffffffffffff
Feb  4 10:30:30 lanit kernel: [    0.033193] ... max period:             00007fffffffffff
Feb  4 10:30:30 lanit kernel: [    0.033193] ... fixed-purpose events:   3
Feb  4 10:30:30 lanit kernel: [    0.033193] ... event mask:             000000070000000f
Feb  4 10:30:30 lanit kernel: [    0.033220] Hierarchical SRCU implementation.
Feb  4 10:30:30 lanit kernel: [    0.033945] NMI watchdog: Enabled. Permanently consumes one hw-PMU counter.
Feb  4 10:30:30 lanit kernel: [    0.033957] smp: Bringing up secondary CPUs ...
Feb  4 10:30:30 lanit kernel: [    0.034010] x86: Booting SMP configuration:
Feb  4 10:30:30 lanit kernel: [    0.034011] .... node  #0, CPUs:      #1 #2 #3
Feb  4 10:30:30 lanit kernel: [    0.035497] smp: Brought up 1 node, 4 CPUs
Feb  4 10:30:30 lanit kernel: [    0.035497] smpboot: Max logical packages: 1
Feb  4 10:30:30 lanit kernel: [    0.035497] smpboot: Total of 4 processors activated (27139.44 BogoMIPS)
Feb  4 10:30:30 lanit kernel: [    0.036217] devtmpfs: initialized
Feb  4 10:30:30 lanit kernel: [    0.036217] x86/mm: Memory block size: 128MB
Feb  4 10:30:30 lanit kernel: [    0.036475] evm: security.selinux
Feb  4 10:30:30 lanit kernel: [    0.036476] evm: security.SMACK64
Feb  4 10:30:30 lanit kernel: [    0.036476] evm: security.SMACK64EXEC
Feb  4 10:30:30 lanit kernel: [    0.036476] evm: security.SMACK64TRANSMUTE
Feb  4 10:30:30 lanit kernel: [    0.036477] evm: security.SMACK64MMAP
Feb  4 10:30:30 lanit kernel: [    0.036477] evm: security.apparmor
Feb  4 10:30:30 lanit kernel: [    0.036477] evm: security.ima
Feb  4 10:30:30 lanit kernel: [    0.036478] evm: security.capability
Feb  4 10:30:30 lanit kernel: [    0.036489] PM: Registering ACPI NVS region [mem 0xc5944000-0xc594afff] (28672 bytes)
Feb  4 10:30:30 lanit kernel: [    0.036489] PM: Registering ACPI NVS region [mem 0xd86a5000-0xd8be0fff] (5488640 bytes)
Feb  4 10:30:30 lanit kernel: [    0.036489] clocksource: jiffies: mask: 0xffffffff max_cycles: 0xffffffff, max_idle_ns: 7645041785100000 ns
Feb  4 10:30:30 lanit kernel: [    0.036489] futex hash table entries: 1024 (order: 4, 65536 bytes)
Feb  4 10:30:30 lanit kernel: [    0.036489] pinctrl core: initialized pinctrl subsystem
Feb  4 10:30:30 lanit kernel: [    0.036489] RTC time:  5:30:15, date: 02/04/19
Feb  4 10:30:30 lanit kernel: [    0.036489] NET: Registered protocol family 16
Feb  4 10:30:30 lanit kernel: [    0.036489] audit: initializing netlink subsys (disabled)
Feb  4 10:30:30 lanit kernel: [    0.036489] audit: type=2000 audit(1549258215.036:1): state=initialized audit_enabled=0 res=1
Feb  4 10:30:30 lanit kernel: [    0.036489] cpuidle: using governor ladder
Feb  4 10:30:30 lanit kernel: [    0.036489] cpuidle: using governor menu
Feb  4 10:30:30 lanit kernel: [    0.036489] ACPI FADT declares the system doesn't support PCIe ASPM, so disable it
Feb  4 10:30:30 lanit kernel: [    0.036489] ACPI: bus type PCI registered
Feb  4 10:30:30 lanit kernel: [    0.036489] acpiphp: ACPI Hot Plug PCI Controller Driver version: 0.5
Feb  4 10:30:30 lanit kernel: [    0.036489] PCI: MMCONFIG for domain 0000 [bus 00-3f] at [mem 0xf8000000-0xfbffffff] (base 0xf8000000)
Feb  4 10:30:30 lanit kernel: [    0.036489] PCI: MMCONFIG at [mem 0xf8000000-0xfbffffff] reserved in E820
Feb  4 10:30:30 lanit kernel: [    0.036489] PCI: Using configuration type 1 for base access
Feb  4 10:30:30 lanit kernel: [    0.036489] core: PMU erratum BJ122, BV98, HSD29 worked around, HT is on
Feb  4 10:30:30 lanit kernel: [    0.036810] HugeTLB registered 1.00 GiB page size, pre-allocated 0 pages
Feb  4 10:30:30 lanit kernel: [    0.036810] HugeTLB registered 2.00 MiB page size, pre-allocated 0 pages
Feb  4 10:30:30 lanit kernel: [    0.036810] ACPI: Added _OSI(Module Device)
Feb  4 10:30:30 lanit kernel: [    0.036810] ACPI: Added _OSI(Processor Device)
Feb  4 10:30:30 lanit kernel: [    0.036810] ACPI: Added _OSI(3.0 _SCP Extensions)
Feb  4 10:30:30 lanit kernel: [    0.036810] ACPI: Added _OSI(Processor Aggregator Device)
Feb  4 10:30:30 lanit kernel: [    0.036810] ACPI: Added _OSI(Linux-Dell-Video)
Feb  4 10:30:30 lanit kernel: [    0.036810] ACPI: Added _OSI(Linux-Lenovo-NV-HDMI-Audio)
Feb  4 10:30:30 lanit kernel: [    0.036810] ACPI: Added _OSI(Linux-HPI-Hybrid-Graphics)
Feb  4 10:30:30 lanit kernel: [    0.036810] ACPI: Executed 1 blocks of module-level executable AML code
Feb  4 10:30:30 lanit kernel: [    0.042361] ACPI: [Firmware Bug]: BIOS _OSI(Linux) query ignored
Feb  4 10:30:30 lanit kernel: [    0.044134] ACPI: Dynamic OEM Table Load:
Feb  4 10:30:30 lanit kernel: [    0.044138] ACPI: SSDT 0xFFFF947595DCB000 0003D3 (v01 PmRef  Cpu0Cst  00003001 INTL 20091112)
Feb  4 10:30:30 lanit kernel: [    0.044290] ACPI: Dynamic OEM Table Load:
Feb  4 10:30:30 lanit kernel: [    0.044294] ACPI: SSDT 0xFFFF947595CCD800 0005AA (v01 PmRef  ApIst    00003000 INTL 20091112)
Feb  4 10:30:30 lanit kernel: [    0.044647] ACPI: Dynamic OEM Table Load:
Feb  4 10:30:30 lanit kernel: [    0.044647] ACPI: SSDT 0xFFFF947595D7B400 000119 (v01 PmRef  ApCst    00003000 INTL 20091112)
Feb  4 10:30:30 lanit kernel: [    0.044835] ACPI: Interpreter enabled
Feb  4 10:30:30 lanit kernel: [    0.044858] ACPI: (supports S0 S3 S4 S5)
Feb  4 10:30:30 lanit kernel: [    0.044858] ACPI: Using IOAPIC for interrupt routing
Feb  4 10:30:30 lanit kernel: [    0.044880] PCI: Using host bridge windows from ACPI; if necessary, use "pci=nocrs" and report a bug
Feb  4 10:30:30 lanit kernel: [    0.045109] ACPI: Enabled 9 GPEs in block 00 to 3F
Feb  4 10:30:30 lanit kernel: [    0.053829] ACPI: Power Resource [FN00] (off)
Feb  4 10:30:30 lanit kernel: [    0.053894] ACPI: Power Resource [FN01] (off)
Feb  4 10:30:30 lanit kernel: [    0.053956] ACPI: Power Resource [FN02] (off)
Feb  4 10:30:30 lanit kernel: [    0.054018] ACPI: Power Resource [FN03] (off)
Feb  4 10:30:30 lanit kernel: [    0.054080] ACPI: Power Resource [FN04] (off)
Feb  4 10:30:30 lanit kernel: [    0.054867] ACPI: PCI Root Bridge [PCI0] (domain 0000 [bus 00-3e])
Feb  4 10:30:30 lanit kernel: [    0.054871] acpi PNP0A08:00: _OSC: OS supports [ExtendedConfig ASPM ClockPM Segments MSI]
Feb  4 10:30:30 lanit kernel: [    0.055109] acpi PNP0A08:00: _OSC: platform does not support [PCIeHotplug PME]
Feb  4 10:30:30 lanit kernel: [    0.055256] acpi PNP0A08:00: _OSC: OS now controls [AER PCIeCapability]
Feb  4 10:30:30 lanit kernel: [    0.055256] acpi PNP0A08:00: FADT indicates ASPM is unsupported, using BIOS configuration
Feb  4 10:30:30 lanit kernel: [    0.055644] PCI host bridge to bus 0000:00
Feb  4 10:30:30 lanit kernel: [    0.055646] pci_bus 0000:00: root bus resource [io  0x0000-0x0cf7 window]
Feb  4 10:30:30 lanit kernel: [    0.055647] pci_bus 0000:00: root bus resource [io  0x0d00-0xffff window]
Feb  4 10:30:30 lanit kernel: [    0.055648] pci_bus 0000:00: root bus resource [mem 0x000a0000-0x000bffff window]
Feb  4 10:30:30 lanit kernel: [    0.055649] pci_bus 0000:00: root bus resource [mem 0x000d0000-0x000d3fff window]
Feb  4 10:30:30 lanit kernel: [    0.055649] pci_bus 0000:00: root bus resource [mem 0x000d4000-0x000d7fff window]
Feb  4 10:30:30 lanit kernel: [    0.055650] pci_bus 0000:00: root bus resource [mem 0x000d8000-0x000dbfff window]
Feb  4 10:30:30 lanit kernel: [    0.055651] pci_bus 0000:00: root bus resource [mem 0x000dc000-0x000dffff window]
Feb  4 10:30:30 lanit kernel: [    0.055652] pci_bus 0000:00: root bus resource [mem 0x000e0000-0x000e3fff window]
Feb  4 10:30:30 lanit kernel: [    0.055653] pci_bus 0000:00: root bus resource [mem 0x000e4000-0x000e7fff window]
Feb  4 10:30:30 lanit kernel: [    0.055654] pci_bus 0000:00: root bus resource [mem 0xdf200000-0xfeafffff window]
Feb  4 10:30:30 lanit kernel: [    0.055655] pci_bus 0000:00: root bus resource [bus 00-3e]
Feb  4 10:30:30 lanit kernel: [    0.055661] pci 0000:00:00.0: [8086:0c00] type 00 class 0x060000
Feb  4 10:30:30 lanit kernel: [    0.055731] pci 0000:00:01.0: [8086:0c01] type 01 class 0x060400
Feb  4 10:30:30 lanit kernel: [    0.055759] pci 0000:00:01.0: PME# supported from D0 D3hot D3cold
Feb  4 10:30:30 lanit kernel: [    0.055859] pci 0000:00:02.0: [8086:041e] type 00 class 0x030000
Feb  4 10:30:30 lanit kernel: [    0.055867] pci 0000:00:02.0: reg 0x10: [mem 0xf7800000-0xf7bfffff 64bit]
Feb  4 10:30:30 lanit kernel: [    0.055872] pci 0000:00:02.0: reg 0x18: [mem 0xe0000000-0xefffffff 64bit pref]
Feb  4 10:30:30 lanit kernel: [    0.055875] pci 0000:00:02.0: reg 0x20: [io  0xf000-0xf03f]
Feb  4 10:30:30 lanit kernel: [    0.055953] pci 0000:00:14.0: [8086:8c31] type 00 class 0x0c0330
Feb  4 10:30:30 lanit kernel: [    0.055969] pci 0000:00:14.0: reg 0x10: [mem 0xf7d00000-0xf7d0ffff 64bit]
Feb  4 10:30:30 lanit kernel: [    0.056018] pci 0000:00:14.0: PME# supported from D3hot D3cold
Feb  4 10:30:30 lanit kernel: [    0.056075] pci 0000:00:16.0: [8086:8c3a] type 00 class 0x078000
Feb  4 10:30:30 lanit kernel: [    0.056092] pci 0000:00:16.0: reg 0x10: [mem 0xf7d1a000-0xf7d1a00f 64bit]
Feb  4 10:30:30 lanit kernel: [    0.056144] pci 0000:00:16.0: PME# supported from D0 D3hot D3cold
Feb  4 10:30:30 lanit kernel: [    0.056203] pci 0000:00:1a.0: [8086:8c2d] type 00 class 0x0c0320
Feb  4 10:30:30 lanit kernel: [    0.056221] pci 0000:00:1a.0: reg 0x10: [mem 0xf7d18000-0xf7d183ff]
Feb  4 10:30:30 lanit kernel: [    0.056290] pci 0000:00:1a.0: PME# supported from D0 D3hot D3cold
Feb  4 10:30:30 lanit kernel: [    0.056348] pci 0000:00:1b.0: [8086:8c20] type 00 class 0x040300
Feb  4 10:30:30 lanit kernel: [    0.056364] pci 0000:00:1b.0: reg 0x10: [mem 0xf7d10000-0xf7d13fff 64bit]
Feb  4 10:30:30 lanit kernel: [    0.056421] pci 0000:00:1b.0: PME# supported from D0 D3hot D3cold
Feb  4 10:30:30 lanit kernel: [    0.056481] pci 0000:00:1c.0: [8086:8c10] type 01 class 0x060400
Feb  4 10:30:30 lanit kernel: [    0.056539] pci 0000:00:1c.0: PME# supported from D0 D3hot D3cold
Feb  4 10:30:30 lanit kernel: [    0.056639] pci 0000:00:1c.2: [8086:8c14] type 01 class 0x060400
Feb  4 10:30:30 lanit kernel: [    0.056698] pci 0000:00:1c.2: PME# supported from D0 D3hot D3cold
Feb  4 10:30:30 lanit kernel: [    0.056800] pci 0000:00:1d.0: [8086:8c26] type 00 class 0x0c0320
Feb  4 10:30:30 lanit kernel: [    0.056818] pci 0000:00:1d.0: reg 0x10: [mem 0xf7d17000-0xf7d173ff]
Feb  4 10:30:30 lanit kernel: [    0.056888] pci 0000:00:1d.0: PME# supported from D0 D3hot D3cold
Feb  4 10:30:30 lanit kernel: [    0.056946] pci 0000:00:1f.0: [8086:8c5c] type 00 class 0x060100
Feb  4 10:30:30 lanit kernel: [    0.057088] pci 0000:00:1f.2: [8086:8c02] type 00 class 0x010601
Feb  4 10:30:30 lanit kernel: [    0.057101] pci 0000:00:1f.2: reg 0x10: [io  0xf0b0-0xf0b7]
Feb  4 10:30:30 lanit kernel: [    0.057106] pci 0000:00:1f.2: reg 0x14: [io  0xf0a0-0xf0a3]
Feb  4 10:30:30 lanit kernel: [    0.057112] pci 0000:00:1f.2: reg 0x18: [io  0xf090-0xf097]
Feb  4 10:30:30 lanit kernel: [    0.057117] pci 0000:00:1f.2: reg 0x1c: [io  0xf080-0xf083]
Feb  4 10:30:30 lanit kernel: [    0.057123] pci 0000:00:1f.2: reg 0x20: [io  0xf060-0xf07f]
Feb  4 10:30:30 lanit kernel: [    0.057129] pci 0000:00:1f.2: reg 0x24: [mem 0xf7d16000-0xf7d167ff]
Feb  4 10:30:30 lanit kernel: [    0.057157] pci 0000:00:1f.2: PME# supported from D3hot
Feb  4 10:30:30 lanit kernel: [    0.057207] pci 0000:00:1f.3: [8086:8c22] type 00 class 0x0c0500
Feb  4 10:30:30 lanit kernel: [    0.057222] pci 0000:00:1f.3: reg 0x10: [mem 0xf7d15000-0xf7d150ff 64bit]
Feb  4 10:30:30 lanit kernel: [    0.057238] pci 0000:00:1f.3: reg 0x20: [io  0xf040-0xf05f]
Feb  4 10:30:30 lanit kernel: [    0.057324] pci 0000:00:01.0: PCI bridge to [bus 01]
Feb  4 10:30:30 lanit kernel: [    0.057376] acpiphp: Slot [1] registered
Feb  4 10:30:30 lanit kernel: [    0.057380] pci 0000:00:1c.0: PCI bridge to [bus 02]
Feb  4 10:30:30 lanit kernel: [    0.057441] pci 0000:03:00.0: [10ec:8168] type 00 class 0x020000
Feb  4 10:30:30 lanit kernel: [    0.057469] pci 0000:03:00.0: reg 0x10: [io  0xe000-0xe0ff]
Feb  4 10:30:30 lanit kernel: [    0.057494] pci 0000:03:00.0: reg 0x18: [mem 0xf7c00000-0xf7c00fff 64bit]
Feb  4 10:30:30 lanit kernel: [    0.057510] pci 0000:03:00.0: reg 0x20: [mem 0xf0000000-0xf0003fff 64bit pref]
Feb  4 10:30:30 lanit kernel: [    0.057601] pci 0000:03:00.0: supports D1 D2
Feb  4 10:30:30 lanit kernel: [    0.057602] pci 0000:03:00.0: PME# supported from D0 D1 D2 D3hot D3cold
Feb  4 10:30:30 lanit kernel: [    0.068031] pci 0000:00:1c.2: PCI bridge to [bus 03]
Feb  4 10:30:30 lanit kernel: [    0.068034] pci 0000:00:1c.2:   bridge window [io  0xe000-0xefff]
Feb  4 10:30:30 lanit kernel: [    0.068037] pci 0000:00:1c.2:   bridge window [mem 0xf7c00000-0xf7cfffff]
Feb  4 10:30:30 lanit kernel: [    0.068040] pci 0000:00:1c.2:   bridge window [mem 0xf0000000-0xf00fffff 64bit pref]
Feb  4 10:30:30 lanit kernel: [    0.068635] ACPI: PCI Interrupt Link [LNKA] (IRQs 3 4 5 6 7 10 *11 12 14 15)
Feb  4 10:30:30 lanit kernel: [    0.068683] ACPI: PCI Interrupt Link [LNKB] (IRQs 3 4 5 6 7 10 11 12 14 15) *0, disabled.
Feb  4 10:30:30 lanit kernel: [    0.068732] ACPI: PCI Interrupt Link [LNKC] (IRQs 3 4 5 6 *7 10 11 12 14 15)
Feb  4 10:30:30 lanit kernel: [    0.068779] ACPI: PCI Interrupt Link [LNKD] (IRQs 3 4 5 6 7 10 11 12 14 *15)
Feb  4 10:30:30 lanit kernel: [    0.068827] ACPI: PCI Interrupt Link [LNKE] (IRQs 3 4 *5 6 7 10 11 12 14 15)
Feb  4 10:30:30 lanit kernel: [    0.068874] ACPI: PCI Interrupt Link [LNKF] (IRQs 3 4 5 6 7 *10 11 12 14 15)
Feb  4 10:30:30 lanit kernel: [    0.068921] ACPI: PCI Interrupt Link [LNKG] (IRQs *3 4 5 6 7 10 11 12 14 15)
Feb  4 10:30:30 lanit kernel: [    0.068968] ACPI: PCI Interrupt Link [LNKH] (IRQs 3 *4 5 6 7 10 11 12 14 15)
Feb  4 10:30:30 lanit kernel: [    0.069413] SCSI subsystem initialized
Feb  4 10:30:30 lanit kernel: [    0.069420] libata version 3.00 loaded.
Feb  4 10:30:30 lanit kernel: [    0.069420] pci 0000:00:02.0: vgaarb: setting as boot VGA device
Feb  4 10:30:30 lanit kernel: [    0.069420] pci 0000:00:02.0: vgaarb: VGA device added: decodes=io+mem,owns=io+mem,locks=none
Feb  4 10:30:30 lanit kernel: [    0.069420] pci 0000:00:02.0: vgaarb: bridge control possible
Feb  4 10:30:30 lanit kernel: [    0.069420] vgaarb: loaded
Feb  4 10:30:30 lanit kernel: [    0.069420] ACPI: bus type USB registered
Feb  4 10:30:30 lanit kernel: [    0.069420] usbcore: registered new interface driver usbfs
Feb  4 10:30:30 lanit kernel: [    0.069420] usbcore: registered new interface driver hub
Feb  4 10:30:30 lanit kernel: [    0.069420] usbcore: registered new device driver usb
Feb  4 10:30:30 lanit kernel: [    0.069420] EDAC MC: Ver: 3.0.0
Feb  4 10:30:30 lanit kernel: [    0.069420] PCI: Using ACPI for IRQ routing
Feb  4 10:30:30 lanit kernel: [    0.069420] PCI: pci_cache_line_size set to 64 bytes
Feb  4 10:30:30 lanit kernel: [    0.069420] e820: reserve RAM buffer [mem 0x0009d800-0x0009ffff]
Feb  4 10:30:30 lanit kernel: [    0.069420] e820: reserve RAM buffer [mem 0xc5944000-0xc7ffffff]
Feb  4 10:30:30 lanit kernel: [    0.069420] e820: reserve RAM buffer [mem 0xc5da0000-0xc7ffffff]
Feb  4 10:30:30 lanit kernel: [    0.069420] e820: reserve RAM buffer [mem 0xd8602000-0xdbffffff]
Feb  4 10:30:30 lanit kernel: [    0.069420] e820: reserve RAM buffer [mem 0xda000000-0xdbffffff]
Feb  4 10:30:30 lanit kernel: [    0.069420] e820: reserve RAM buffer [mem 0x21fe00000-0x21fffffff]
Feb  4 10:30:30 lanit kernel: [    0.069420] NetLabel: Initializing
Feb  4 10:30:30 lanit kernel: [    0.069420] NetLabel:  domain hash size = 128
Feb  4 10:30:30 lanit kernel: [    0.069420] NetLabel:  protocols = UNLABELED CIPSOv4 CALIPSO
Feb  4 10:30:30 lanit kernel: [    0.069420] NetLabel:  unlabeled traffic allowed by default
Feb  4 10:30:30 lanit kernel: [    0.072261] hpet0: at MMIO 0xfed00000, IRQs 2, 8, 0, 0, 0, 0, 0, 0
Feb  4 10:30:30 lanit kernel: [    0.072264] hpet0: 8 comparators, 64-bit 14.318180 MHz counter
Feb  4 10:30:30 lanit kernel: [    0.072264] clocksource: Switched to clocksource hpet
Feb  4 10:30:30 lanit kernel: [    0.079484] VFS: Disk quotas dquot_6.6.0
Feb  4 10:30:30 lanit kernel: [    0.079496] VFS: Dquot-cache hash table entries: 512 (order 0, 4096 bytes)
Feb  4 10:30:30 lanit kernel: [    0.079573] AppArmor: AppArmor Filesystem Enabled
Feb  4 10:30:30 lanit kernel: [    0.079595] pnp: PnP ACPI init
Feb  4 10:30:30 lanit kernel: [    0.079694] system 00:00: [mem 0xfed40000-0xfed44fff] has been reserved
Feb  4 10:30:30 lanit kernel: [    0.079698] system 00:00: Plug and Play ACPI device, IDs PNP0c01 (active)
Feb  4 10:30:30 lanit kernel: [    0.079871] system 00:01: [io  0x0680-0x069f] has been reserved
Feb  4 10:30:30 lanit kernel: [    0.079872] system 00:01: [io  0xffff] has been reserved
Feb  4 10:30:30 lanit kernel: [    0.079873] system 00:01: [io  0xffff] has been reserved
Feb  4 10:30:30 lanit kernel: [    0.079874] system 00:01: [io  0xffff] has been reserved
Feb  4 10:30:30 lanit kernel: [    0.079875] system 00:01: [io  0x1c00-0x1cfe] has been reserved
Feb  4 10:30:30 lanit kernel: [    0.079876] system 00:01: [io  0x1d00-0x1dfe] has been reserved
Feb  4 10:30:30 lanit kernel: [    0.079877] system 00:01: [io  0x1e00-0x1efe] has been reserved
Feb  4 10:30:30 lanit kernel: [    0.079878] system 00:01: [io  0x1f00-0x1ffe] has been reserved
Feb  4 10:30:30 lanit kernel: [    0.079879] system 00:01: [io  0x1800-0x18fe] has been reserved
Feb  4 10:30:30 lanit kernel: [    0.079880] system 00:01: [io  0x164e-0x164f] has been reserved
Feb  4 10:30:30 lanit kernel: [    0.079883] system 00:01: Plug and Play ACPI device, IDs PNP0c02 (active)
Feb  4 10:30:30 lanit kernel: [    0.079901] pnp 00:02: Plug and Play ACPI device, IDs PNP0b00 (active)
Feb  4 10:30:30 lanit kernel: [    0.079939] system 00:03: [io  0x1854-0x1857] has been reserved
Feb  4 10:30:30 lanit kernel: [    0.079941] system 00:03: Plug and Play ACPI device, IDs INT3f0d PNP0c02 (active)
Feb  4 10:30:30 lanit kernel: [    0.080055] system 00:04: [io  0x0a00-0x0a1f] has been reserved
Feb  4 10:30:30 lanit kernel: [    0.080056] system 00:04: [io  0x0290-0x029f] has been reserved
Feb  4 10:30:30 lanit kernel: [    0.080059] system 00:04: Plug and Play ACPI device, IDs PNP0c02 (active)
Feb  4 10:30:30 lanit kernel: [    0.080123] system 00:05: [io  0x04d0-0x04d1] has been reserved
Feb  4 10:30:30 lanit kernel: [    0.080125] system 00:05: Plug and Play ACPI device, IDs PNP0c02 (active)
Feb  4 10:30:30 lanit kernel: [    0.080506] system 00:06: [mem 0xfed1c000-0xfed1ffff] has been reserved
Feb  4 10:30:30 lanit kernel: [    0.080507] system 00:06: [mem 0xfed10000-0xfed17fff] has been reserved
Feb  4 10:30:30 lanit kernel: [    0.080508] system 00:06: [mem 0xfed18000-0xfed18fff] has been reserved
Feb  4 10:30:30 lanit kernel: [    0.080509] system 00:06: [mem 0xfed19000-0xfed19fff] has been reserved
Feb  4 10:30:30 lanit kernel: [    0.080511] system 00:06: [mem 0xf8000000-0xfbffffff] has been reserved
Feb  4 10:30:30 lanit kernel: [    0.080512] system 00:06: [mem 0xfed20000-0xfed3ffff] has been reserved
Feb  4 10:30:30 lanit kernel: [    0.080513] system 00:06: [mem 0xfed90000-0xfed93fff] has been reserved
Feb  4 10:30:30 lanit kernel: [    0.080514] system 00:06: [mem 0xfed45000-0xfed8ffff] has been reserved
Feb  4 10:30:30 lanit kernel: [    0.080515] system 00:06: [mem 0xff000000-0xffffffff] has been reserved
Feb  4 10:30:30 lanit kernel: [    0.080516] system 00:06: [mem 0xfee00000-0xfeefffff] could not be reserved
Feb  4 10:30:30 lanit kernel: [    0.080517] system 00:06: [mem 0xf7fdf000-0xf7fdffff] has been reserved
Feb  4 10:30:30 lanit kernel: [    0.080518] system 00:06: [mem 0xf7fe0000-0xf7feffff] has been reserved
Feb  4 10:30:30 lanit kernel: [    0.080521] system 00:06: Plug and Play ACPI device, IDs PNP0c02 (active)
Feb  4 10:30:30 lanit kernel: [    0.080745] pnp: PnP ACPI: found 7 devices
Feb  4 10:30:30 lanit kernel: [    0.086360] clocksource: acpi_pm: mask: 0xffffff max_cycles: 0xffffff, max_idle_ns: 2085701024 ns
Feb  4 10:30:30 lanit kernel: [    0.086373] pci 0000:00:1c.0: bridge window [io  0x1000-0x0fff] to [bus 02] add_size 1000
Feb  4 10:30:30 lanit kernel: [    0.086374] pci 0000:00:1c.0: bridge window [mem 0x00100000-0x000fffff 64bit pref] to [bus 02] add_size 200000 add_align 100000
Feb  4 10:30:30 lanit kernel: [    0.086376] pci 0000:00:1c.0: bridge window [mem 0x00100000-0x000fffff] to [bus 02] add_size 200000 add_align 100000
Feb  4 10:30:30 lanit kernel: [    0.086386] pci 0000:00:1c.0: BAR 14: assigned [mem 0xdf200000-0xdf3fffff]
Feb  4 10:30:30 lanit kernel: [    0.086390] pci 0000:00:1c.0: BAR 15: assigned [mem 0xdf400000-0xdf5fffff 64bit pref]
Feb  4 10:30:30 lanit kernel: [    0.086392] pci 0000:00:1c.0: BAR 13: assigned [io  0x2000-0x2fff]
Feb  4 10:30:30 lanit kernel: [    0.086393] pci 0000:00:01.0: PCI bridge to [bus 01]
Feb  4 10:30:30 lanit kernel: [    0.086398] pci 0000:00:1c.0: PCI bridge to [bus 02]
Feb  4 10:30:30 lanit kernel: [    0.086400] pci 0000:00:1c.0:   bridge window [io  0x2000-0x2fff]
Feb  4 10:30:30 lanit kernel: [    0.086403] pci 0000:00:1c.0:   bridge window [mem 0xdf200000-0xdf3fffff]
Feb  4 10:30:30 lanit kernel: [    0.086406] pci 0000:00:1c.0:   bridge window [mem 0xdf400000-0xdf5fffff 64bit pref]
Feb  4 10:30:30 lanit kernel: [    0.086410] pci 0000:00:1c.2: PCI bridge to [bus 03]
Feb  4 10:30:30 lanit kernel: [    0.086412] pci 0000:00:1c.2:   bridge window [io  0xe000-0xefff]
Feb  4 10:30:30 lanit kernel: [    0.086415] pci 0000:00:1c.2:   bridge window [mem 0xf7c00000-0xf7cfffff]
Feb  4 10:30:30 lanit kernel: [    0.086417] pci 0000:00:1c.2:   bridge window [mem 0xf0000000-0xf00fffff 64bit pref]
Feb  4 10:30:30 lanit kernel: [    0.086422] pci_bus 0000:00: resource 4 [io  0x0000-0x0cf7 window]
Feb  4 10:30:30 lanit kernel: [    0.086423] pci_bus 0000:00: resource 5 [io  0x0d00-0xffff window]
Feb  4 10:30:30 lanit kernel: [    0.086424] pci_bus 0000:00: resource 6 [mem 0x000a0000-0x000bffff window]
Feb  4 10:30:30 lanit kernel: [    0.086425] pci_bus 0000:00: resource 7 [mem 0x000d0000-0x000d3fff window]
Feb  4 10:30:30 lanit kernel: [    0.086426] pci_bus 0000:00: resource 8 [mem 0x000d4000-0x000d7fff window]
Feb  4 10:30:30 lanit kernel: [    0.086427] pci_bus 0000:00: resource 9 [mem 0x000d8000-0x000dbfff window]
Feb  4 10:30:30 lanit kernel: [    0.086428] pci_bus 0000:00: resource 10 [mem 0x000dc000-0x000dffff window]
Feb  4 10:30:30 lanit kernel: [    0.086428] pci_bus 0000:00: resource 11 [mem 0x000e0000-0x000e3fff window]
Feb  4 10:30:30 lanit kernel: [    0.086429] pci_bus 0000:00: resource 12 [mem 0x000e4000-0x000e7fff window]
Feb  4 10:30:30 lanit kernel: [    0.086430] pci_bus 0000:00: resource 13 [mem 0xdf200000-0xfeafffff window]
Feb  4 10:30:30 lanit kernel: [    0.086432] pci_bus 0000:02: resource 0 [io  0x2000-0x2fff]
Feb  4 10:30:30 lanit kernel: [    0.086433] pci_bus 0000:02: resource 1 [mem 0xdf200000-0xdf3fffff]
Feb  4 10:30:30 lanit kernel: [    0.086433] pci_bus 0000:02: resource 2 [mem 0xdf400000-0xdf5fffff 64bit pref]
Feb  4 10:30:30 lanit kernel: [    0.086435] pci_bus 0000:03: resource 0 [io  0xe000-0xefff]
Feb  4 10:30:30 lanit kernel: [    0.086435] pci_bus 0000:03: resource 1 [mem 0xf7c00000-0xf7cfffff]
Feb  4 10:30:30 lanit kernel: [    0.086436] pci_bus 0000:03: resource 2 [mem 0xf0000000-0xf00fffff 64bit pref]
Feb  4 10:30:30 lanit kernel: [    0.086524] NET: Registered protocol family 2
Feb  4 10:30:30 lanit kernel: [    0.086682] TCP established hash table entries: 65536 (order: 7, 524288 bytes)
Feb  4 10:30:30 lanit kernel: [    0.086786] TCP bind hash table entries: 65536 (order: 8, 1048576 bytes)
Feb  4 10:30:30 lanit kernel: [    0.086952] TCP: Hash tables configured (established 65536 bind 65536)
Feb  4 10:30:30 lanit kernel: [    0.086976] UDP hash table entries: 4096 (order: 5, 131072 bytes)
Feb  4 10:30:30 lanit kernel: [    0.087000] UDP-Lite hash table entries: 4096 (order: 5, 131072 bytes)
Feb  4 10:30:30 lanit kernel: [    0.087044] NET: Registered protocol family 1
Feb  4 10:30:30 lanit kernel: [    0.087056] pci 0000:00:02.0: Video device with shadowed ROM at [mem 0x000c0000-0x000dffff]
Feb  4 10:30:30 lanit kernel: [    0.128083] PCI: CLS 64 bytes, default 64
Feb  4 10:30:30 lanit kernel: [    0.128110] Unpacking initramfs...
Feb  4 10:30:30 lanit kernel: [    0.727862] Freeing initrd memory: 57760K
Feb  4 10:30:30 lanit kernel: [    0.727890] PCI-DMA: Using software bounce buffering for IO (SWIOTLB)
Feb  4 10:30:30 lanit kernel: [    0.727892] software IO TLB [mem 0xd4602000-0xd8602000] (64MB) mapped at [        (ptrval)-        (ptrval)]
Feb  4 10:30:30 lanit kernel: [    0.728097] Scanning for low memory corruption every 60 seconds
Feb  4 10:30:30 lanit kernel: [    0.728531] Initialise system trusted keyrings
Feb  4 10:30:30 lanit kernel: [    0.728538] Key type blacklist registered
Feb  4 10:30:30 lanit kernel: [    0.728569] workingset: timestamp_bits=36 max_order=21 bucket_order=0
Feb  4 10:30:30 lanit kernel: [    0.729293] zbud: loaded
Feb  4 10:30:30 lanit kernel: [    0.729620] squashfs: version 4.0 (2009/01/31) Phillip Lougher
Feb  4 10:30:30 lanit kernel: [    0.729707] fuse init (API version 7.26)
Feb  4 10:30:30 lanit kernel: [    0.730565] Key type asymmetric registered
Feb  4 10:30:30 lanit kernel: [    0.730566] Asymmetric key parser 'x509' registered
Feb  4 10:30:30 lanit kernel: [    0.730583] Block layer SCSI generic (bsg) driver version 0.4 loaded (major 246)
Feb  4 10:30:30 lanit kernel: [    0.730606] io scheduler noop registered
Feb  4 10:30:30 lanit kernel: [    0.730607] io scheduler deadline registered
Feb  4 10:30:30 lanit kernel: [    0.730622] io scheduler cfq registered (default)
Feb  4 10:30:30 lanit kernel: [    0.731035] vesafb: mode is 1920x1080x32, linelength=7680, pages=0
Feb  4 10:30:30 lanit kernel: [    0.731035] vesafb: scrolling: redraw
Feb  4 10:30:30 lanit kernel: [    0.731036] vesafb: Truecolor: size=8:8:8:8, shift=24:16:8:0
Feb  4 10:30:30 lanit kernel: [    0.731044] vesafb: framebuffer at 0xe0000000, mapped to 0x        (ptrval), using 8128k, total 8128k
Feb  4 10:30:30 lanit kernel: [    0.731105] Console: switching to colour frame buffer device 240x67
Feb  4 10:30:30 lanit kernel: [    0.731122] fb0: VESA VGA frame buffer device
Feb  4 10:30:30 lanit kernel: [    0.731130] intel_idle: MWAIT substates: 0x42120
Feb  4 10:30:30 lanit kernel: [    0.731131] intel_idle: v0.4.1 model 0x3C
Feb  4 10:30:30 lanit kernel: [    0.731231] intel_idle: lapic_timer_reliable_states 0xffffffff
Feb  4 10:30:30 lanit kernel: [    0.731301] input: Power Button as /devices/LNXSYSTM:00/LNXSYBUS:00/PNP0C0C:00/input/input0
Feb  4 10:30:30 lanit kernel: [    0.731308] ACPI: Power Button [PWRB]
Feb  4 10:30:30 lanit kernel: [    0.731331] input: Power Button as /devices/LNXSYSTM:00/LNXPWRBN:00/input/input1
Feb  4 10:30:30 lanit kernel: [    0.731348] ACPI: Power Button [PWRF]
Feb  4 10:30:30 lanit kernel: [    0.731881] (NULL device *): hwmon_device_register() is deprecated. Please convert the driver to use hwmon_device_register_with_info().
Feb  4 10:30:30 lanit kernel: [    0.731993] thermal LNXTHERM:00: registered as thermal_zone0
Feb  4 10:30:30 lanit kernel: [    0.731993] ACPI: Thermal Zone [TZ00] (28 C)
Feb  4 10:30:30 lanit kernel: [    0.732213] thermal LNXTHERM:01: registered as thermal_zone1
Feb  4 10:30:30 lanit kernel: [    0.732214] ACPI: Thermal Zone [TZ01] (30 C)
Feb  4 10:30:30 lanit kernel: [    0.732309] Serial: 8250/16550 driver, 32 ports, IRQ sharing enabled
Feb  4 10:30:30 lanit kernel: [    0.733641] Linux agpgart interface v0.103
Feb  4 10:30:30 lanit kernel: [    0.734591] loop: module loaded
Feb  4 10:30:30 lanit kernel: [    0.734695] libphy: Fixed MDIO Bus: probed
Feb  4 10:30:30 lanit kernel: [    0.734696] tun: Universal TUN/TAP device driver, 1.6
Feb  4 10:30:30 lanit kernel: [    0.734715] PPP generic driver version 2.4.2
Feb  4 10:30:30 lanit kernel: [    0.734739] ehci_hcd: USB 2.0 'Enhanced' Host Controller (EHCI) Driver
Feb  4 10:30:30 lanit kernel: [    0.734741] ehci-pci: EHCI PCI platform driver
Feb  4 10:30:30 lanit kernel: [    0.734829] ehci-pci 0000:00:1a.0: EHCI Host Controller
Feb  4 10:30:30 lanit kernel: [    0.734833] ehci-pci 0000:00:1a.0: new USB bus registered, assigned bus number 1
Feb  4 10:30:30 lanit kernel: [    0.734842] ehci-pci 0000:00:1a.0: debug port 2
Feb  4 10:30:30 lanit kernel: [    0.738733] ehci-pci 0000:00:1a.0: cache line size of 64 is not supported
Feb  4 10:30:30 lanit kernel: [    0.738741] ehci-pci 0000:00:1a.0: irq 20, io mem 0xf7d18000
Feb  4 10:30:30 lanit kernel: [    0.752052] ehci-pci 0000:00:1a.0: USB 2.0 started, EHCI 1.00
Feb  4 10:30:30 lanit kernel: [    0.752076] usb usb1: New USB device found, idVendor=1d6b, idProduct=0002
Feb  4 10:30:30 lanit kernel: [    0.752077] usb usb1: New USB device strings: Mfr=3, Product=2, SerialNumber=1
Feb  4 10:30:30 lanit kernel: [    0.752078] usb usb1: Product: EHCI Host Controller
Feb  4 10:30:30 lanit kernel: [    0.752079] usb usb1: Manufacturer: Linux 4.15.0-44-generic ehci_hcd
Feb  4 10:30:30 lanit kernel: [    0.752080] usb usb1: SerialNumber: 0000:00:1a.0
Feb  4 10:30:30 lanit kernel: [    0.752233] hub 1-0:1.0: USB hub found
Feb  4 10:30:30 lanit kernel: [    0.752237] hub 1-0:1.0: 2 ports detected
Feb  4 10:30:30 lanit kernel: [    0.752401] ehci-pci 0000:00:1d.0: EHCI Host Controller
Feb  4 10:30:30 lanit kernel: [    0.752404] ehci-pci 0000:00:1d.0: new USB bus registered, assigned bus number 2
Feb  4 10:30:30 lanit kernel: [    0.752412] ehci-pci 0000:00:1d.0: debug port 2
Feb  4 10:30:30 lanit kernel: [    0.756312] ehci-pci 0000:00:1d.0: cache line size of 64 is not supported
Feb  4 10:30:30 lanit kernel: [    0.756319] ehci-pci 0000:00:1d.0: irq 23, io mem 0xf7d17000
Feb  4 10:30:30 lanit kernel: [    0.772043] ehci-pci 0000:00:1d.0: USB 2.0 started, EHCI 1.00
Feb  4 10:30:30 lanit kernel: [    0.772073] usb usb2: New USB device found, idVendor=1d6b, idProduct=0002
Feb  4 10:30:30 lanit kernel: [    0.772074] usb usb2: New USB device strings: Mfr=3, Product=2, SerialNumber=1
Feb  4 10:30:30 lanit kernel: [    0.772075] usb usb2: Product: EHCI Host Controller
Feb  4 10:30:30 lanit kernel: [    0.772076] usb usb2: Manufacturer: Linux 4.15.0-44-generic ehci_hcd
Feb  4 10:30:30 lanit kernel: [    0.772077] usb usb2: SerialNumber: 0000:00:1d.0
Feb  4 10:30:30 lanit kernel: [    0.772219] hub 2-0:1.0: USB hub found
Feb  4 10:30:30 lanit kernel: [    0.772222] hub 2-0:1.0: 2 ports detected
Feb  4 10:30:30 lanit kernel: [    0.772316] ehci-platform: EHCI generic platform driver
Feb  4 10:30:30 lanit kernel: [    0.772322] ohci_hcd: USB 1.1 'Open' Host Controller (OHCI) Driver
Feb  4 10:30:30 lanit kernel: [    0.772324] ohci-pci: OHCI PCI platform driver
Feb  4 10:30:30 lanit kernel: [    0.772330] ohci-platform: OHCI generic platform driver
Feb  4 10:30:30 lanit kernel: [    0.772333] uhci_hcd: USB Universal Host Controller Interface driver
Feb  4 10:30:30 lanit kernel: [    0.772416] xhci_hcd 0000:00:14.0: xHCI Host Controller
Feb  4 10:30:30 lanit kernel: [    0.772419] xhci_hcd 0000:00:14.0: new USB bus registered, assigned bus number 3
Feb  4 10:30:30 lanit kernel: [    0.773481] xhci_hcd 0000:00:14.0: hcc params 0x200077c1 hci version 0x100 quirks 0x0000000000009810
Feb  4 10:30:30 lanit kernel: [    0.773484] xhci_hcd 0000:00:14.0: cache line size of 64 is not supported
Feb  4 10:30:30 lanit kernel: [    0.773568] usb usb3: New USB device found, idVendor=1d6b, idProduct=0002
Feb  4 10:30:30 lanit kernel: [    0.773569] usb usb3: New USB device strings: Mfr=3, Product=2, SerialNumber=1
Feb  4 10:30:30 lanit kernel: [    0.773570] usb usb3: Product: xHCI Host Controller
Feb  4 10:30:30 lanit kernel: [    0.773571] usb usb3: Manufacturer: Linux 4.15.0-44-generic xhci-hcd
Feb  4 10:30:30 lanit kernel: [    0.773572] usb usb3: SerialNumber: 0000:00:14.0
Feb  4 10:30:30 lanit kernel: [    0.773715] hub 3-0:1.0: USB hub found
Feb  4 10:30:30 lanit kernel: [    0.773724] hub 3-0:1.0: 10 ports detected
Feb  4 10:30:30 lanit kernel: [    0.775113] xhci_hcd 0000:00:14.0: xHCI Host Controller
Feb  4 10:30:30 lanit kernel: [    0.775116] xhci_hcd 0000:00:14.0: new USB bus registered, assigned bus number 4
Feb  4 10:30:30 lanit kernel: [    0.775117] xhci_hcd 0000:00:14.0: Host supports USB 3.0  SuperSpeed
Feb  4 10:30:30 lanit kernel: [    0.775137] usb usb4: New USB device found, idVendor=1d6b, idProduct=0003
Feb  4 10:30:30 lanit kernel: [    0.775138] usb usb4: New USB device strings: Mfr=3, Product=2, SerialNumber=1
Feb  4 10:30:30 lanit kernel: [    0.775139] usb usb4: Product: xHCI Host Controller
Feb  4 10:30:30 lanit kernel: [    0.775140] usb usb4: Manufacturer: Linux 4.15.0-44-generic xhci-hcd
Feb  4 10:30:30 lanit kernel: [    0.775141] usb usb4: SerialNumber: 0000:00:14.0
Feb  4 10:30:30 lanit kernel: [    0.775283] hub 4-0:1.0: USB hub found
Feb  4 10:30:30 lanit kernel: [    0.775287] hub 4-0:1.0: 2 ports detected
Feb  4 10:30:30 lanit kernel: [    0.775480] i8042: PNP: No PS/2 controller found.
Feb  4 10:30:30 lanit kernel: [    0.775667] mousedev: PS/2 mouse device common for all mice
Feb  4 10:30:30 lanit kernel: [    0.775785] rtc_cmos 00:02: RTC can wake from S4
Feb  4 10:30:30 lanit kernel: [    0.775893] rtc_cmos 00:02: rtc core: registered rtc_cmos as rtc0
Feb  4 10:30:30 lanit kernel: [    0.775914] rtc_cmos 00:02: alarms up to one month, y3k, 242 bytes nvram, hpet irqs
Feb  4 10:30:30 lanit kernel: [    0.775918] i2c /dev entries driver
Feb  4 10:30:30 lanit kernel: [    0.775921] pcie_mp2_amd: AMD(R) PCI-E MP2 Communication Driver Version: 1.0
Feb  4 10:30:30 lanit kernel: [    0.775965] device-mapper: uevent: version 1.0.3
Feb  4 10:30:30 lanit kernel: [    0.776010] device-mapper: ioctl: 4.37.0-ioctl (2017-09-20) initialised: dm-devel@redhat.com
Feb  4 10:30:30 lanit kernel: [    0.776014] intel_pstate: Intel P-state driver initializing
Feb  4 10:30:30 lanit kernel: [    0.776146] ledtrig-cpu: registered to indicate activity on CPUs
Feb  4 10:30:30 lanit kernel: [    0.776380] NET: Registered protocol family 10
Feb  4 10:30:30 lanit kernel: [    0.778903] Segment Routing with IPv6
Feb  4 10:30:30 lanit kernel: [    0.778917] NET: Registered protocol family 17
Feb  4 10:30:30 lanit kernel: [    0.778943] Key type dns_resolver registered
Feb  4 10:30:30 lanit kernel: [    0.779104] RAS: Correctable Errors collector initialized.
Feb  4 10:30:30 lanit kernel: [    0.779126] microcode: sig=0x306c3, pf=0x2, revision=0x25
Feb  4 10:30:30 lanit kernel: [    0.779164] microcode: Microcode Update Driver: v2.2.
Feb  4 10:30:30 lanit kernel: [    0.779172] sched_clock: Marking stable (779161993, 0)->(759167898, 19994095)
Feb  4 10:30:30 lanit kernel: [    0.779311] registered taskstats version 1
Feb  4 10:30:30 lanit kernel: [    0.779318] Loading compiled-in X.509 certificates
Feb  4 10:30:30 lanit kernel: [    0.780918] Loaded X.509 cert 'Build time autogenerated kernel key: 44785017907f65ffbd40799818b152558f64ce1c'
Feb  4 10:30:30 lanit kernel: [    0.780931] zswap: loaded using pool lzo/zbud
Feb  4 10:30:30 lanit kernel: [    0.783018] Key type big_key registered
Feb  4 10:30:30 lanit kernel: [    0.783020] Key type trusted registered
Feb  4 10:30:30 lanit kernel: [    0.784030] Key type encrypted registered
Feb  4 10:30:30 lanit kernel: [    0.784032] AppArmor: AppArmor sha1 policy hashing enabled
Feb  4 10:30:30 lanit kernel: [    0.784034] ima: No TPM chip found, activating TPM-bypass! (rc=-19)
Feb  4 10:30:30 lanit kernel: [    0.784036] ima: Allocated hash algorithm: sha1
Feb  4 10:30:30 lanit kernel: [    0.784046] evm: HMAC attrs: 0x1
Feb  4 10:30:30 lanit kernel: [    0.784347]   Magic number: 7:280:516
Feb  4 10:30:30 lanit kernel: [    0.784381] acpi LNXPOWER:00: hash matches
Feb  4 10:30:30 lanit kernel: [    0.784446] rtc_cmos 00:02: setting system clock to 2019-02-04 05:30:16 UTC (1549258216)
Feb  4 10:30:30 lanit kernel: [    0.784485] BIOS EDD facility v0.16 2004-Jun-25, 0 devices found
Feb  4 10:30:30 lanit kernel: [    0.784486] EDD information not available.
Feb  4 10:30:30 lanit kernel: [    1.064885] Freeing unused kernel memory: 2408K
Feb  4 10:30:30 lanit kernel: [    1.092016] usb 1-1: new high-speed USB device number 2 using ehci-pci
Feb  4 10:30:30 lanit kernel: [    1.096014] Write protecting the kernel read-only data: 20480k
Feb  4 10:30:30 lanit kernel: [    1.096889] Freeing unused kernel memory: 2008K
Feb  4 10:30:30 lanit kernel: [    1.099665] Freeing unused kernel memory: 1892K
Feb  4 10:30:30 lanit kernel: [    1.103987] x86/mm: Checked W+X mappings: passed, no W+X pages found.
Feb  4 10:30:30 lanit kernel: [    1.103987] x86/mm: Checking user space page tables
Feb  4 10:30:30 lanit kernel: [    1.108211] x86/mm: Checked W+X mappings: passed, no W+X pages found.
Feb  4 10:30:30 lanit kernel: [    1.111987] usb 3-2: new low-speed USB device number 2 using xhci_hcd
Feb  4 10:30:30 lanit kernel: [    1.115989] usb 2-1: new high-speed USB device number 2 using ehci-pci
Feb  4 10:30:30 lanit kernel: [    1.180234] ahci 0000:00:1f.2: version 3.0
Feb  4 10:30:30 lanit kernel: [    1.180415] r8169 Gigabit Ethernet driver 2.3LK-NAPI loaded
Feb  4 10:30:30 lanit kernel: [    1.180422] r8169 0000:03:00.0: can't disable ASPM; OS doesn't have ASPM control
Feb  4 10:30:30 lanit kernel: [    1.180463] ahci 0000:00:1f.2: AHCI 0001.0300 32 slots 4 ports 6 Gbps 0x2 impl SATA mode
Feb  4 10:30:30 lanit kernel: [    1.180465] ahci 0000:00:1f.2: flags: 64bit ncq pm led clo pio slum part ems 
Feb  4 10:30:30 lanit kernel: [    1.181061] scsi host0: ahci
Feb  4 10:30:30 lanit kernel: [    1.181662] scsi host1: ahci
Feb  4 10:30:30 lanit kernel: [    1.184537] scsi host2: ahci
Feb  4 10:30:30 lanit kernel: [    1.188020] scsi host3: ahci
Feb  4 10:30:30 lanit kernel: [    1.188067] ata1: DUMMY
Feb  4 10:30:30 lanit kernel: [    1.188070] ata2: SATA max UDMA/133 abar m2048@0xf7d16000 port 0xf7d16180 irq 25
Feb  4 10:30:30 lanit kernel: [    1.188071] ata3: DUMMY
Feb  4 10:30:30 lanit kernel: [    1.188071] ata4: DUMMY
Feb  4 10:30:30 lanit kernel: [    1.193082] r8169 0000:03:00.0 eth0: RTL8168g/8111g at 0x        (ptrval), 2c:4d:54:67:61:4a, XID 0c000800 IRQ 26
Feb  4 10:30:30 lanit kernel: [    1.193084] r8169 0000:03:00.0 eth0: jumbo features [frames: 9200 bytes, tx checksumming: ko]
Feb  4 10:30:30 lanit kernel: [    1.203010] r8169 0000:03:00.0 enp3s0: renamed from eth0
Feb  4 10:30:30 lanit kernel: [    1.218051] [drm] PipeC fused off
Feb  4 10:30:30 lanit kernel: [    1.218062] [drm] Memory usable by graphics device = 2048M
Feb  4 10:30:30 lanit kernel: [    1.218064] checking generic (e0000000 7f0000) vs hw (e0000000 10000000)
Feb  4 10:30:30 lanit kernel: [    1.218064] fb: switching to inteldrmfb from VESA VGA
Feb  4 10:30:30 lanit kernel: [    1.218084] Console: switching to colour dummy device 80x25
Feb  4 10:30:30 lanit kernel: [    1.218171] [drm] Replacing VGA console driver
Feb  4 10:30:30 lanit kernel: [    1.224025] [drm] Supports vblank timestamp caching Rev 2 (21.10.2013).
Feb  4 10:30:30 lanit kernel: [    1.224025] [drm] Driver supports precise vblank timestamp query.
Feb  4 10:30:30 lanit kernel: [    1.226078] i915 0000:00:02.0: vgaarb: changed VGA decodes: olddecodes=io+mem,decodes=io+mem:owns=io+mem
Feb  4 10:30:30 lanit kernel: [    1.228832] [drm] Initialized i915 1.6.0 20171023 for 0000:00:02.0 on minor 0
Feb  4 10:30:30 lanit kernel: [    1.229872] ACPI: Video Device [GFX0] (multi-head: yes  rom: no  post: no)
Feb  4 10:30:30 lanit kernel: [    1.230114] input: Video Bus as /devices/LNXSYSTM:00/LNXSYBUS:00/PNP0A08:00/LNXVIDEO:00/input/input2
Feb  4 10:30:30 lanit kernel: [    1.252394] usb 1-1: New USB device found, idVendor=8087, idProduct=8008
Feb  4 10:30:30 lanit kernel: [    1.252395] usb 1-1: New USB device strings: Mfr=0, Product=0, SerialNumber=0
Feb  4 10:30:30 lanit kernel: [    1.252528] hub 1-1:1.0: USB hub found
Feb  4 10:30:30 lanit kernel: [    1.252642] hub 1-1:1.0: 4 ports detected
Feb  4 10:30:30 lanit kernel: [    1.265329] usb 3-2: New USB device found, idVendor=046d, idProduct=c31c
Feb  4 10:30:30 lanit kernel: [    1.265331] usb 3-2: New USB device strings: Mfr=1, Product=2, SerialNumber=0
Feb  4 10:30:30 lanit kernel: [    1.265332] usb 3-2: Product: USB Keyboard
Feb  4 10:30:30 lanit kernel: [    1.265333] usb 3-2: Manufacturer: Logitech
Feb  4 10:30:30 lanit kernel: [    1.272397] usb 2-1: New USB device found, idVendor=8087, idProduct=8000
Feb  4 10:30:30 lanit kernel: [    1.272399] usb 2-1: New USB device strings: Mfr=0, Product=0, SerialNumber=0
Feb  4 10:30:30 lanit kernel: [    1.272663] hub 2-1:1.0: USB hub found
Feb  4 10:30:30 lanit kernel: [    1.272737] hub 2-1:1.0: 6 ports detected
Feb  4 10:30:30 lanit kernel: [    1.396000] usb 3-4: new low-speed USB device number 3 using xhci_hcd
Feb  4 10:30:30 lanit kernel: [    1.400414] fbcon: inteldrmfb (fb0) is primary device
Feb  4 10:30:30 lanit kernel: [    1.400452] Console: switching to colour frame buffer device 240x67
Feb  4 10:30:30 lanit kernel: [    1.400471] i915 0000:00:02.0: fb0: inteldrmfb frame buffer device
Feb  4 10:30:30 lanit kernel: [    1.502812] ata2: SATA link up 6.0 Gbps (SStatus 133 SControl 300)
Feb  4 10:30:30 lanit kernel: [    1.503513] ata2.00: ATA-10: WDC WD10EZEX-08WN4A0, 02.01A02, max UDMA/100
Feb  4 10:30:30 lanit kernel: [    1.503514] ata2.00: 1953525168 sectors, multi 16: LBA48 NCQ (depth 31/32), AA
Feb  4 10:30:30 lanit kernel: [    1.504269] ata2.00: configured for UDMA/100
Feb  4 10:30:30 lanit kernel: [    1.504461] scsi 1:0:0:0: Direct-Access     ATA      WDC WD10EZEX-08W 1A02 PQ: 0 ANSI: 5
Feb  4 10:30:30 lanit kernel: [    1.504632] sd 1:0:0:0: Attached scsi generic sg0 type 0
Feb  4 10:30:30 lanit kernel: [    1.504659] sd 1:0:0:0: [sda] 1953525168 512-byte logical blocks: (1.00 TB/932 GiB)
Feb  4 10:30:30 lanit kernel: [    1.504660] sd 1:0:0:0: [sda] 4096-byte physical blocks
Feb  4 10:30:30 lanit kernel: [    1.504674] sd 1:0:0:0: [sda] Write Protect is off
Feb  4 10:30:30 lanit kernel: [    1.504676] sd 1:0:0:0: [sda] Mode Sense: 00 3a 00 00
Feb  4 10:30:30 lanit kernel: [    1.504699] sd 1:0:0:0: [sda] Write cache: enabled, read cache: enabled, doesn't support DPO or FUA
Feb  4 10:30:30 lanit kernel: [    1.547366] usb 3-4: New USB device found, idVendor=046d, idProduct=c077
Feb  4 10:30:30 lanit kernel: [    1.547367] usb 3-4: New USB device strings: Mfr=1, Product=2, SerialNumber=0
Feb  4 10:30:30 lanit kernel: [    1.547368] usb 3-4: Product: USB Optical Mouse
Feb  4 10:30:30 lanit kernel: [    1.547369] usb 3-4: Manufacturer: Logitech
Feb  4 10:30:30 lanit kernel: [    1.550894] hidraw: raw HID events driver (C) Jiri Kosina
Feb  4 10:30:30 lanit kernel: [    1.555753]  sda: sda1 sda2 sda3 < sda5 > sda4
Feb  4 10:30:30 lanit kernel: [    1.556080] sd 1:0:0:0: [sda] Attached SCSI disk
Feb  4 10:30:30 lanit kernel: [    1.559763] usbcore: registered new interface driver usbhid
Feb  4 10:30:30 lanit kernel: [    1.559764] usbhid: USB HID core driver
Feb  4 10:30:30 lanit kernel: [    1.561549] input: Logitech USB Keyboard as /devices/pci0000:00/0000:00:14.0/usb3/3-2/3-2:1.0/0003:046D:C31C.0001/input/input3
Feb  4 10:30:30 lanit kernel: [    1.620039] hid-generic 0003:046D:C31C.0001: input,hidraw0: USB HID v1.10 Keyboard [Logitech USB Keyboard] on usb-0000:00:14.0-2/input0
Feb  4 10:30:30 lanit kernel: [    1.620149] input: Logitech USB Keyboard as /devices/pci0000:00/0000:00:14.0/usb3/3-2/3-2:1.1/0003:046D:C31C.0002/input/input4
Feb  4 10:30:30 lanit kernel: [    1.680021] hid-generic 0003:046D:C31C.0002: input,hidraw1: USB HID v1.10 Device [Logitech USB Keyboard] on usb-0000:00:14.0-2/input1
Feb  4 10:30:30 lanit kernel: [    1.680098] input: Logitech USB Optical Mouse as /devices/pci0000:00/0000:00:14.0/usb3/3-4/3-4:1.0/0003:046D:C077.0003/input/input5
Feb  4 10:30:30 lanit kernel: [    1.680158] hid-generic 0003:046D:C077.0003: input,hidraw2: USB HID v1.11 Mouse [Logitech USB Optical Mouse] on usb-0000:00:14.0-4/input0
Feb  4 10:30:30 lanit kernel: [    1.759962] tsc: Refined TSC clocksource calibration: 3392.144 MHz
Feb  4 10:30:30 lanit kernel: [    1.759967] clocksource: tsc: mask: 0xffffffffffffffff max_cycles: 0x30e5517d4e4, max_idle_ns: 440795261668 ns
Feb  4 10:30:30 lanit kernel: [    1.902973] random: fast init done
Feb  4 10:30:30 lanit kernel: [    2.016527] random: systemd-udevd: uninitialized urandom read (16 bytes read)
Feb  4 10:30:30 lanit kernel: [    2.016541] random: systemd-udevd: uninitialized urandom read (16 bytes read)
Feb  4 10:30:30 lanit kernel: [    2.016544] random: systemd-udevd: uninitialized urandom read (16 bytes read)
Feb  4 10:30:30 lanit kernel: [    2.131922] raid6: sse2x1   gen() 11653 MB/s
Feb  4 10:30:30 lanit kernel: [    2.179923] raid6: sse2x1   xor()  8125 MB/s
Feb  4 10:30:30 lanit kernel: [    2.227926] raid6: sse2x2   gen() 13843 MB/s
Feb  4 10:30:30 lanit kernel: [    2.275925] raid6: sse2x2   xor()  8965 MB/s
Feb  4 10:30:30 lanit kernel: [    2.323923] raid6: sse2x4   gen() 16321 MB/s
Feb  4 10:30:30 lanit kernel: [    2.371922] raid6: sse2x4   xor() 10257 MB/s
Feb  4 10:30:30 lanit kernel: [    2.419924] raid6: avx2x1   gen() 22483 MB/s
Feb  4 10:30:30 lanit kernel: [    2.467922] raid6: avx2x1   xor() 15401 MB/s
Feb  4 10:30:30 lanit kernel: [    2.515924] raid6: avx2x2   gen() 26591 MB/s
Feb  4 10:30:30 lanit kernel: [    2.563921] raid6: avx2x2   xor() 16224 MB/s
Feb  4 10:30:30 lanit kernel: [    2.611923] raid6: avx2x4   gen() 29917 MB/s
Feb  4 10:30:30 lanit kernel: [    2.659923] raid6: avx2x4   xor() 18560 MB/s
Feb  4 10:30:30 lanit kernel: [    2.659924] raid6: using algorithm avx2x4 gen() 29917 MB/s
Feb  4 10:30:30 lanit kernel: [    2.659924] raid6: .... xor() 18560 MB/s, rmw enabled
Feb  4 10:30:30 lanit kernel: [    2.659925] raid6: using avx2x2 recovery algorithm
Feb  4 10:30:30 lanit kernel: [    2.660669] xor: automatically using best checksumming function   avx       
Feb  4 10:30:30 lanit kernel: [    2.661351] async_tx: api initialized (async)
Feb  4 10:30:30 lanit kernel: [    2.764002] clocksource: Switched to clocksource tsc
Feb  4 10:30:30 lanit kernel: [    2.833618] Btrfs loaded, crc32c=crc32c-intel
Feb  4 10:30:30 lanit kernel: [    2.907557] EXT4-fs (sda5): mounted filesystem with ordered data mode. Opts: (null)
Feb  4 10:30:30 lanit kernel: [    3.833248] ip_tables: (C) 2000-2006 Netfilter Core Team
Feb  4 10:30:30 lanit kernel: [    4.949939] random: crng init done
Feb  4 10:30:30 lanit kernel: [    4.949941] random: 7 urandom warning(s) missed due to ratelimiting
Feb  4 10:30:30 lanit kernel: [    5.842407] EXT4-fs (sda5): re-mounted. Opts: errors=remount-ro
Feb  4 10:30:30 lanit kernel: [    6.208933] Adding 2097148k swap on /swapfile.  Priority:-2 extents:6 across:2260988k FS
Feb  4 10:30:30 lanit kernel: [    6.454009] RPC: Registered named UNIX socket transport module.
Feb  4 10:30:30 lanit kernel: [    6.454010] RPC: Registered udp transport module.
Feb  4 10:30:30 lanit kernel: [    6.454010] RPC: Registered tcp transport module.
Feb  4 10:30:30 lanit kernel: [    6.454011] RPC: Registered tcp NFSv4.1 backchannel transport module.
Feb  4 10:30:30 lanit kernel: [    6.518835] Installing knfsd (copyright (C) 1996 okir@monad.swb.de).
Feb  4 10:30:30 lanit kernel: [    6.566501] lp: driver loaded but no devices found
Feb  4 10:30:30 lanit kernel: [    6.650925] ppdev: user-space parallel port driver
Feb  4 10:30:30 lanit kernel: [    9.061291] ACPI Warning: SystemIO range 0x0000000000001828-0x000000000000182F conflicts with OpRegion 0x0000000000001800-0x000000000000187F (\PMIO) (20170831/utaddress-247)
Feb  4 10:30:30 lanit kernel: [    9.061298] ACPI: If an ACPI driver is available for this device, you should use it instead of the native driver
Feb  4 10:30:30 lanit kernel: [    9.061301] ACPI Warning: SystemIO range 0x0000000000001C40-0x0000000000001C4F conflicts with OpRegion 0x0000000000001C00-0x0000000000001FFF (\GPR) (20170831/utaddress-247)
Feb  4 10:30:30 lanit kernel: [    9.061305] ACPI: If an ACPI driver is available for this device, you should use it instead of the native driver
Feb  4 10:30:30 lanit kernel: [    9.061306] ACPI Warning: SystemIO range 0x0000000000001C30-0x0000000000001C3F conflicts with OpRegion 0x0000000000001C00-0x0000000000001C3F (\GPRL) (20170831/utaddress-247)
Feb  4 10:30:30 lanit kernel: [    9.061310] ACPI Warning: SystemIO range 0x0000000000001C30-0x0000000000001C3F conflicts with OpRegion 0x0000000000001C00-0x0000000000001FFF (\GPR) (20170831/utaddress-247)
Feb  4 10:30:30 lanit kernel: [    9.061314] ACPI: If an ACPI driver is available for this device, you should use it instead of the native driver
Feb  4 10:30:30 lanit kernel: [    9.061315] ACPI Warning: SystemIO range 0x0000000000001C00-0x0000000000001C2F conflicts with OpRegion 0x0000000000001C00-0x0000000000001C3F (\GPRL) (20170831/utaddress-247)
Feb  4 10:30:30 lanit kernel: [    9.061319] ACPI Warning: SystemIO range 0x0000000000001C00-0x0000000000001C2F conflicts with OpRegion 0x0000000000001C00-0x0000000000001FFF (\GPR) (20170831/utaddress-247)
Feb  4 10:30:30 lanit kernel: [    9.061323] ACPI: If an ACPI driver is available for this device, you should use it instead of the native driver
Feb  4 10:30:30 lanit kernel: [    9.061324] lpc_ich: Resource conflict(s) found affecting gpio_ich
Feb  4 10:30:30 lanit kernel: [    9.131895] asus_wmi: ASUS WMI generic driver loaded
Feb  4 10:30:30 lanit kernel: [    9.131902] shpchp: Standard Hot Plug PCI Controller Driver version: 0.4
Feb  4 10:30:30 lanit kernel: [    9.145235] RAPL PMU: API unit is 2^-32 Joules, 4 fixed counters, 655360 ms ovfl timer
Feb  4 10:30:30 lanit kernel: [    9.145236] RAPL PMU: hw unit of domain pp0-core 2^-14 Joules
Feb  4 10:30:30 lanit kernel: [    9.145237] RAPL PMU: hw unit of domain package 2^-14 Joules
Feb  4 10:30:30 lanit kernel: [    9.145237] RAPL PMU: hw unit of domain dram 2^-14 Joules
Feb  4 10:30:30 lanit kernel: [    9.145238] RAPL PMU: hw unit of domain pp1-gpu 2^-14 Joules
Feb  4 10:30:30 lanit kernel: [    9.149070] asus_wmi: Initialization: 0x0
Feb  4 10:30:30 lanit kernel: [    9.149097] asus_wmi: BIOS WMI version: 0.9
Feb  4 10:30:30 lanit kernel: [    9.149140] asus_wmi: SFUN value: 0x0
Feb  4 10:30:30 lanit kernel: [    9.149544] input: Eee PC WMI hotkeys as /devices/platform/eeepc-wmi/input/input6
Feb  4 10:30:30 lanit kernel: [    9.149627] asus_wmi: Number of fans: 1
Feb  4 10:30:30 lanit kernel: [    9.786442] AVX2 version of gcm_enc/dec engaged.
Feb  4 10:30:30 lanit kernel: [    9.786443] AES CTR mode by8 optimization enabled
Feb  4 10:30:30 lanit kernel: [   10.465221] snd_hda_codec_realtek hdaudioC0D0: autoconfig for ALC887-VD: line_outs=1 (0x14/0x0/0x0/0x0/0x0) type:line
Feb  4 10:30:30 lanit kernel: [   10.465223] snd_hda_codec_realtek hdaudioC0D0:    speaker_outs=0 (0x0/0x0/0x0/0x0/0x0)
Feb  4 10:30:30 lanit kernel: [   10.465224] snd_hda_codec_realtek hdaudioC0D0:    hp_outs=1 (0x1b/0x0/0x0/0x0/0x0)
Feb  4 10:30:30 lanit kernel: [   10.465225] snd_hda_codec_realtek hdaudioC0D0:    mono: mono_out=0x0
Feb  4 10:30:30 lanit kernel: [   10.465226] snd_hda_codec_realtek hdaudioC0D0:    dig-out=0x11/0x0
Feb  4 10:30:30 lanit kernel: [   10.465226] snd_hda_codec_realtek hdaudioC0D0:    inputs:
Feb  4 10:30:30 lanit kernel: [   10.465228] snd_hda_codec_realtek hdaudioC0D0:      Front Mic=0x19
Feb  4 10:30:30 lanit kernel: [   10.465229] snd_hda_codec_realtek hdaudioC0D0:      Rear Mic=0x18
Feb  4 10:30:30 lanit kernel: [   10.465230] snd_hda_codec_realtek hdaudioC0D0:      Line=0x1a
Feb  4 10:30:30 lanit kernel: [   10.476815] input: HDA Intel PCH Front Mic as /devices/pci0000:00/0000:00:1b.0/sound/card0/input7
Feb  4 10:30:30 lanit kernel: [   10.476849] input: HDA Intel PCH Rear Mic as /devices/pci0000:00/0000:00:1b.0/sound/card0/input8
Feb  4 10:30:30 lanit kernel: [   10.476879] input: HDA Intel PCH Line as /devices/pci0000:00/0000:00:1b.0/sound/card0/input9
Feb  4 10:30:30 lanit kernel: [   10.476909] input: HDA Intel PCH Line Out as /devices/pci0000:00/0000:00:1b.0/sound/card0/input10
Feb  4 10:30:30 lanit kernel: [   10.476939] input: HDA Intel PCH Front Headphone as /devices/pci0000:00/0000:00:1b.0/sound/card0/input11
Feb  4 10:30:30 lanit kernel: [   11.158194] intel_rapl: Found RAPL domain package
Feb  4 10:30:30 lanit kernel: [   11.158195] intel_rapl: Found RAPL domain core
Feb  4 10:30:30 lanit kernel: [   11.158195] intel_rapl: Found RAPL domain uncore
Feb  4 10:30:30 lanit kernel: [   11.158196] intel_rapl: Found RAPL domain dram
Feb  4 10:30:30 lanit kernel: [   13.120562] EXT4-fs (sda4): mounted filesystem with ordered data mode. Opts: (null)
Feb  4 10:30:30 lanit kernel: [   13.912120] audit: type=1400 audit(1549258229.623:2): apparmor="STATUS" operation="profile_load" profile="unconfined" name="/usr/bin/man" pid=801 comm="apparmor_parser"
Feb  4 10:30:30 lanit kernel: [   13.912124] audit: type=1400 audit(1549258229.623:3): apparmor="STATUS" operation="profile_load" profile="unconfined" name="man_filter" pid=801 comm="apparmor_parser"
Feb  4 10:30:30 lanit kernel: [   13.912126] audit: type=1400 audit(1549258229.623:4): apparmor="STATUS" operation="profile_load" profile="unconfined" name="man_groff" pid=801 comm="apparmor_parser"
Feb  4 10:30:30 lanit kernel: [   13.968221] audit: type=1400 audit(1549258229.679:5): apparmor="STATUS" operation="profile_load" profile="unconfined" name="/sbin/dhclient" pid=798 comm="apparmor_parser"
Feb  4 10:30:30 lanit kernel: [   13.968223] audit: type=1400 audit(1549258229.679:6): apparmor="STATUS" operation="profile_load" profile="unconfined" name="/usr/lib/NetworkManager/nm-dhcp-client.action" pid=798 comm="apparmor_parser"
Feb  4 10:30:30 lanit kernel: [   13.968225] audit: type=1400 audit(1549258229.679:7): apparmor="STATUS" operation="profile_load" profile="unconfined" name="/usr/lib/NetworkManager/nm-dhcp-helper" pid=798 comm="apparmor_parser"
Feb  4 10:30:30 lanit kernel: [   13.968226] audit: type=1400 audit(1549258229.679:8): apparmor="STATUS" operation="profile_load" profile="unconfined" name="/usr/lib/connman/scripts/dhclient-script" pid=798 comm="apparmor_parser"
Feb  4 10:30:30 lanit kernel: [   14.073128] audit: type=1400 audit(1549258229.783:9): apparmor="STATUS" operation="profile_load" profile="unconfined" name="libreoffice-senddoc" pid=803 comm="apparmor_parser"
Feb  4 10:30:30 lanit kernel: [   14.079536] audit: type=1400 audit(1549258229.787:10): apparmor="STATUS" operation="profile_load" profile="unconfined" name="libreoffice-oopslash" pid=802 comm="apparmor_parser"
Feb  4 10:30:30 lanit kernel: [   14.088300] audit: type=1400 audit(1549258229.799:11): apparmor="STATUS" operation="profile_load" profile="unconfined" name="libreoffice-soffice" pid=805 comm="apparmor_parser"
Feb  4 10:30:34 lanit kernel: [   18.832941] IPv6: ADDRCONF(NETDEV_UP): enp3s0: link is not ready
Feb  4 10:30:34 lanit kernel: [   18.966073] r8169 0000:03:00.0 enp3s0: link down
Feb  4 10:30:34 lanit kernel: [   18.966091] r8169 0000:03:00.0 enp3s0: link down
Feb  4 10:30:34 lanit kernel: [   18.966157] IPv6: ADDRCONF(NETDEV_UP): enp3s0: link is not ready
Feb  4 10:30:34 lanit kernel: [   19.076166] NFSD: Using /var/lib/nfs/v4recovery as the NFSv4 state recovery directory
Feb  4 10:30:34 lanit kernel: [   19.076257] NFSD: starting 90-second grace period (net f0000099)
Feb  4 10:30:36 lanit kernel: [   20.620695] r8169 0000:03:00.0 enp3s0: link up
Feb  4 10:30:36 lanit kernel: [   20.620705] IPv6: ADDRCONF(NETDEV_CHANGE): enp3s0: link becomes ready
Feb  4 10:30:37 lanit kernel: [   21.437074] vboxdrv: loading out-of-tree module taints kernel.
Feb  4 10:30:37 lanit kernel: [   21.437271] vboxdrv: module verification failed: signature and/or required key missing - tainting kernel
Feb  4 10:30:37 lanit kernel: [   21.442073] vboxdrv: Found 4 processor cores
Feb  4 10:30:37 lanit kernel: [   21.464240] vboxdrv: TSC mode is Invariant, tentative frequency 3392142912 Hz
Feb  4 10:30:37 lanit kernel: [   21.464242] vboxdrv: Successfully loaded version 5.2.18_Ubuntu (interface 0x00290001)
Feb  4 10:30:37 lanit kernel: [   21.485689] VBoxNetFlt: Successfully started.
Feb  4 10:30:37 lanit kernel: [   21.610194] VBoxNetAdp: Successfully started.
Feb  4 10:30:37 lanit kernel: [   21.622625] VBoxPciLinuxInit
Feb  4 10:30:37 lanit kernel: [   21.664524] vboxpci: IOMMU not found (not registered)
Feb  4 10:40:55 lanit kernel: [  639.872785] kauditd_printk_skb: 34 callbacks suppressed
Feb  4 10:40:55 lanit kernel: [  639.872786] audit: type=1400 audit(1549258855.622:46): apparmor="DENIED" operation="create" profile="snap-update-ns.telegram-desktop" pid=4015 comm="4" family="inet" sock_type="stream" protocol=6 requested_mask="create" denied_mask="create"
Feb  4 10:40:55 lanit kernel: [  639.872789] audit: type=1400 audit(1549258855.622:47): apparmor="DENIED" operation="create" profile="snap-update-ns.telegram-desktop" pid=4015 comm="4" family="inet6" sock_type="stream" protocol=6 requested_mask="create" denied_mask="create"
Feb  4 10:40:55 lanit kernel: [  639.872791] audit: type=1400 audit(1549258855.622:48): apparmor="DENIED" operation="create" profile="snap-update-ns.telegram-desktop" pid=4015 comm="4" family="inet6" sock_type="stream" protocol=6 requested_mask="create" denied_mask="create"
Feb  4 10:40:55 lanit kernel: [  639.984999] audit: type=1400 audit(1549258855.734:49): apparmor="DENIED" operation="create" profile="snap-update-ns.telegram-desktop" pid=4020 comm="4" family="inet" sock_type="stream" protocol=6 requested_mask="create" denied_mask="create"
Feb  4 10:40:55 lanit kernel: [  639.985005] audit: type=1400 audit(1549258855.734:50): apparmor="DENIED" operation="create" profile="snap-update-ns.telegram-desktop" pid=4020 comm="4" family="inet6" sock_type="stream" protocol=6 requested_mask="create" denied_mask="create"
Feb  4 10:40:55 lanit kernel: [  639.985009] audit: type=1400 audit(1549258855.734:51): apparmor="DENIED" operation="create" profile="snap-update-ns.telegram-desktop" pid=4020 comm="4" family="inet6" sock_type="stream" protocol=6 requested_mask="create" denied_mask="create"
Feb  4 10:41:00 lanit kernel: [  644.381060] audit: type=1400 audit(1549258860.130:52): apparmor="DENIED" operation="open" profile="snap.telegram-desktop.telegram-desktop" name="/etc/openal/alsoft.conf" pid=3986 comm="Telegram" requested_mask="r" denied_mask="r" fsuid=1000 ouid=0
Feb  4 10:41:00 lanit kernel: [  644.673055] audit: type=1107 audit(1549258860.422:53): pid=870 uid=103 auid=4294967295 ses=4294967295 msg='apparmor="DENIED" operation="dbus_method_call"  bus="system" path="/org/freedesktop/NetworkManager" interface="org.freedesktop.DBus.Properties" member="GetAll" mask="send" name="org.freedesktop.NetworkManager" pid=3986 label="snap.telegram-desktop.telegram-desktop" peer_pid=891 peer_label="unconfined"
Feb  4 10:41:00 lanit kernel: [  644.673055]  exe="/usr/bin/dbus-daemon" sauid=103 hostname=? addr=? terminal=?'
Feb  4 10:41:00 lanit kernel: [  644.673241] audit: type=1107 audit(1549258860.426:54): pid=870 uid=103 auid=4294967295 ses=4294967295 msg='apparmor="DENIED" operation="dbus_method_call"  bus="system" path="/org/freedesktop/NetworkManager" interface="org.freedesktop.NetworkManager" member="GetDevices" mask="send" name="org.freedesktop.NetworkManager" pid=3986 label="snap.telegram-desktop.telegram-desktop" peer_pid=891 peer_label="unconfined"
Feb  4 10:41:00 lanit kernel: [  644.673241]  exe="/usr/bin/dbus-daemon" sauid=103 hostname=? addr=? terminal=?'
Feb  4 10:41:00 lanit kernel: [  644.673649] audit: type=1107 audit(1549258860.426:55): pid=870 uid=103 auid=4294967295 ses=4294967295 msg='apparmor="DENIED" operation="dbus_method_call"  bus="system" path="/org/freedesktop/NetworkManager/Settings" interface="org.freedesktop.NetworkManager.Settings" member="ListConnections" mask="send" name="org.freedesktop.NetworkManager" pid=3986 label="snap.telegram-desktop.telegram-desktop" peer_pid=891 peer_label="unconfined"
Feb  4 10:41:00 lanit kernel: [  644.673649]  exe="/usr/bin/dbus-daemon" sauid=103 hostname=? addr=? terminal=?'
Feb  4 10:54:57 lanit kernel: [ 1481.362275] show_signal_msg: 2 callbacks suppressed
Feb  4 10:54:57 lanit kernel: [ 1481.362278] gnome-software[1704]: segfault at 0 ip 00007f9a8320d0a8 sp 00007ffc055217a8 error 6 in libglib-2.0.so.0.5600.2[7f9a8319f000+113000]
Feb  4 10:56:01 lanit kernel: [ 1545.681406] audit: type=1107 audit(1549259761.434:58): pid=870 uid=103 auid=4294967295 ses=4294967295 msg='apparmor="DENIED" operation="dbus_signal"  bus="system" path="/org/freedesktop/NetworkManager/ActiveConnection/1" interface="org.freedesktop.NetworkManager.Connection.Active" member="PropertiesChanged" name=":1.14" mask="receive" pid=3986 label="snap.telegram-desktop.telegram-desktop" peer_pid=891 peer_label="unconfined"
Feb  4 10:56:01 lanit kernel: [ 1545.681406]  exe="/usr/bin/dbus-daemon" sauid=103 hostname=? addr=? terminal=?'
Feb  4 11:02:08 lanit kernel: [ 1912.567376] audit: type=1400 audit(1549260128.319:59): apparmor="DENIED" operation="create" profile="snap-update-ns.telegram-desktop" pid=6557 comm="4" family="inet" sock_type="stream" protocol=6 requested_mask="create" denied_mask="create"
Feb  4 11:02:08 lanit kernel: [ 1912.567380] audit: type=1400 audit(1549260128.319:60): apparmor="DENIED" operation="create" profile="snap-update-ns.telegram-desktop" pid=6557 comm="4" family="inet6" sock_type="stream" protocol=6 requested_mask="create" denied_mask="create"
Feb  4 11:02:08 lanit kernel: [ 1912.567382] audit: type=1400 audit(1549260128.319:61): apparmor="DENIED" operation="create" profile="snap-update-ns.telegram-desktop" pid=6557 comm="4" family="inet6" sock_type="stream" protocol=6 requested_mask="create" denied_mask="create"
Feb  4 11:24:59 lanit kernel: [ 3283.274551] audit: type=1107 audit(1549261499.033:62): pid=870 uid=103 auid=4294967295 ses=4294967295 msg='apparmor="DENIED" operation="dbus_signal"  bus="system" path="/org/freedesktop/NetworkManager/ActiveConnection/1" interface="org.freedesktop.NetworkManager.Connection.Active" member="PropertiesChanged" name=":1.14" mask="receive" pid=3986 label="snap.telegram-desktop.telegram-desktop" peer_pid=891 peer_label="unconfined"
Feb  4 11:24:59 lanit kernel: [ 3283.274551]  exe="/usr/bin/dbus-daemon" sauid=103 hostname=? addr=? terminal=?'
Feb  4 11:40:45 lanit kernel: [ 4230.156163] perf: interrupt took too long (2538 > 2500), lowering kernel.perf_event_max_sample_rate to 78750
Feb  4 11:51:24 lanit kernel: [ 4868.881913] audit: type=1107 audit(1549263084.651:63): pid=870 uid=103 auid=4294967295 ses=4294967295 msg='apparmor="DENIED" operation="dbus_signal"  bus="system" path="/org/freedesktop/NetworkManager/ActiveConnection/1" interface="org.freedesktop.NetworkManager.Connection.Active" member="PropertiesChanged" name=":1.14" mask="receive" pid=3986 label="snap.telegram-desktop.telegram-desktop" peer_pid=891 peer_label="unconfined"
Feb  4 11:51:24 lanit kernel: [ 4868.881913]  exe="/usr/bin/dbus-daemon" sauid=103 hostname=? addr=? terminal=?'
Feb  4 12:16:47 lanit kernel: [ 6391.523799] audit: type=1107 audit(1549264607.297:64): pid=870 uid=103 auid=4294967295 ses=4294967295 msg='apparmor="DENIED" operation="dbus_signal"  bus="system" path="/org/freedesktop/NetworkManager/ActiveConnection/1" interface="org.freedesktop.NetworkManager.Connection.Active" member="PropertiesChanged" name=":1.14" mask="receive" pid=3986 label="snap.telegram-desktop.telegram-desktop" peer_pid=891 peer_label="unconfined"
Feb  4 12:16:47 lanit kernel: [ 6391.523799]  exe="/usr/bin/dbus-daemon" sauid=103 hostname=? addr=? terminal=?'
Feb  4 12:27:48 lanit kernel: [ 7052.360572] perf: interrupt took too long (3197 > 3172), lowering kernel.perf_event_max_sample_rate to 62500
Feb  4 12:43:49 lanit kernel: [ 8013.478285] audit: type=1107 audit(1549266229.256:65): pid=870 uid=103 auid=4294967295 ses=4294967295 msg='apparmor="DENIED" operation="dbus_signal"  bus="system" path="/org/freedesktop/NetworkManager/ActiveConnection/1" interface="org.freedesktop.NetworkManager.Connection.Active" member="PropertiesChanged" name=":1.14" mask="receive" pid=3986 label="snap.telegram-desktop.telegram-desktop" peer_pid=891 peer_label="unconfined"
Feb  4 12:43:49 lanit kernel: [ 8013.478285]  exe="/usr/bin/dbus-daemon" sauid=103 hostname=? addr=? terminal=?'
Feb  4 12:56:17 lanit kernel: [ 8761.762239] perf: interrupt took too long (4060 > 3996), lowering kernel.perf_event_max_sample_rate to 49250
Feb  4 13:10:03 lanit kernel: [ 9587.652259] audit: type=1107 audit(1549267803.435:66): pid=870 uid=103 auid=4294967295 ses=4294967295 msg='apparmor="DENIED" operation="dbus_signal"  bus="system" path="/org/freedesktop/NetworkManager/ActiveConnection/1" interface="org.freedesktop.NetworkManager.Connection.Active" member="PropertiesChanged" name=":1.14" mask="receive" pid=3986 label="snap.telegram-desktop.telegram-desktop" peer_pid=891 peer_label="unconfined"
Feb  4 13:10:03 lanit kernel: [ 9587.652259]  exe="/usr/bin/dbus-daemon" sauid=103 hostname=? addr=? terminal=?'
Feb  4 13:30:05 lanit kernel: [10789.272713] perf: interrupt took too long (5151 > 5075), lowering kernel.perf_event_max_sample_rate to 38750
Feb  4 13:39:59 lanit kernel: [11383.350974] audit: type=1107 audit(1549269599.144:67): pid=870 uid=103 auid=4294967295 ses=4294967295 msg='apparmor="DENIED" operation="dbus_signal"  bus="system" path="/org/freedesktop/NetworkManager/ActiveConnection/1" interface="org.freedesktop.NetworkManager.Connection.Active" member="PropertiesChanged" name=":1.14" mask="receive" pid=3986 label="snap.telegram-desktop.telegram-desktop" peer_pid=891 peer_label="unconfined"
Feb  4 13:39:59 lanit kernel: [11383.350974]  exe="/usr/bin/dbus-daemon" sauid=103 hostname=? addr=? terminal=?'
Feb  4 14:06:04 lanit kernel: [12948.948743] audit: type=1107 audit(1549271164.751:68): pid=870 uid=103 auid=4294967295 ses=4294967295 msg='apparmor="DENIED" operation="dbus_signal"  bus="system" path="/org/freedesktop/NetworkManager/ActiveConnection/1" interface="org.freedesktop.NetworkManager.Connection.Active" member="PropertiesChanged" name=":1.14" mask="receive" pid=3986 label="snap.telegram-desktop.telegram-desktop" peer_pid=891 peer_label="unconfined"
Feb  4 14:06:04 lanit kernel: [12948.948743]  exe="/usr/bin/dbus-daemon" sauid=103 hostname=? addr=? terminal=?'
Feb  4 14:29:34 lanit kernel: [14358.596666] audit: type=1107 audit(1549272574.405:69): pid=870 uid=103 auid=4294967295 ses=4294967295 msg='apparmor="DENIED" operation="dbus_signal"  bus="system" path="/org/freedesktop/NetworkManager/ActiveConnection/1" interface="org.freedesktop.NetworkManager.Connection.Active" member="PropertiesChanged" name=":1.14" mask="receive" pid=3986 label="snap.telegram-desktop.telegram-desktop" peer_pid=891 peer_label="unconfined"
Feb  4 14:29:34 lanit kernel: [14358.596666]  exe="/usr/bin/dbus-daemon" sauid=103 hostname=? addr=? terminal=?'
Feb  4 14:43:31 lanit kernel: [15195.561024] perf: interrupt took too long (6484 > 6438), lowering kernel.perf_event_max_sample_rate to 30750
Feb  4 14:56:43 lanit kernel: [15987.704462] audit: type=1107 audit(1549274203.520:70): pid=870 uid=103 auid=4294967295 ses=4294967295 msg='apparmor="DENIED" operation="dbus_signal"  bus="system" path="/org/freedesktop/NetworkManager/ActiveConnection/1" interface="org.freedesktop.NetworkManager.Connection.Active" member="PropertiesChanged" name=":1.14" mask="receive" pid=3986 label="snap.telegram-desktop.telegram-desktop" peer_pid=891 peer_label="unconfined"
Feb  4 14:56:43 lanit kernel: [15987.704462]  exe="/usr/bin/dbus-daemon" sauid=103 hostname=? addr=? terminal=?'
Feb  4 15:18:56 lanit kernel: [17320.777964] audit: type=1107 audit(1549275536.598:71): pid=870 uid=103 auid=4294967295 ses=4294967295 msg='apparmor="DENIED" operation="dbus_signal"  bus="system" path="/org/freedesktop/NetworkManager" interface="org.freedesktop.NetworkManager" member="DeviceAdded" name=":1.14" mask="receive" pid=3986 label="snap.telegram-desktop.telegram-desktop" peer_pid=891 peer_label="unconfined"
Feb  4 15:18:56 lanit kernel: [17320.777964]  exe="/usr/bin/dbus-daemon" sauid=103 hostname=? addr=? terminal=?'
Feb  4 15:18:56 lanit kernel: [17320.777968] audit: type=1107 audit(1549275536.598:72): pid=870 uid=103 auid=4294967295 ses=4294967295 msg='apparmor="DENIED" operation="dbus_signal"  bus="system" path="/org/freedesktop/NetworkManager" interface="org.freedesktop.NetworkManager" member="PropertiesChanged" name=":1.14" mask="receive" pid=3986 label="snap.telegram-desktop.telegram-desktop" peer_pid=891 peer_label="unconfined"
Feb  4 15:18:56 lanit kernel: [17320.777968]  exe="/usr/bin/dbus-daemon" sauid=103 hostname=? addr=? terminal=?'
Feb  4 15:18:56 lanit kernel: [17320.955181] PPP BSD Compression module registered
Feb  4 15:18:56 lanit kernel: [17320.958731] PPP Deflate Compression module registered
Feb  4 15:19:00 lanit kernel: [17325.169915] audit: type=1107 audit(1549275540.990:73): pid=870 uid=103 auid=4294967295 ses=4294967295 msg='apparmor="DENIED" operation="dbus_signal"  bus="system" path="/org/freedesktop/NetworkManager" interface="org.freedesktop.NetworkManager" member="PropertiesChanged" name=":1.14" mask="receive" pid=3986 label="snap.telegram-desktop.telegram-desktop" peer_pid=891 peer_label="unconfined"
Feb  4 15:19:00 lanit kernel: [17325.169915]  exe="/usr/bin/dbus-daemon" sauid=103 hostname=? addr=? terminal=?'
Feb  4 15:19:00 lanit kernel: [17325.170657] audit: type=1107 audit(1549275540.994:74): pid=870 uid=103 auid=4294967295 ses=4294967295 msg='apparmor="DENIED" operation="dbus_signal"  bus="system" path="/org/freedesktop/NetworkManager" interface="org.freedesktop.NetworkManager" member="PropertiesChanged" name=":1.14" mask="receive" pid=3986 label="snap.telegram-desktop.telegram-desktop" peer_pid=891 peer_label="unconfined"
Feb  4 15:19:00 lanit kernel: [17325.170657]  exe="/usr/bin/dbus-daemon" sauid=103 hostname=? addr=? terminal=?'
Feb  4 15:22:26 lanit kernel: [17530.591037] audit: type=1107 audit(1549275746.415:75): pid=870 uid=103 auid=4294967295 ses=4294967295 msg='apparmor="DENIED" operation="dbus_signal"  bus="system" path="/org/freedesktop/NetworkManager/ActiveConnection/1" interface="org.freedesktop.NetworkManager.Connection.Active" member="PropertiesChanged" name=":1.14" mask="receive" pid=3986 label="snap.telegram-desktop.telegram-desktop" peer_pid=891 peer_label="unconfined"
Feb  4 15:22:26 lanit kernel: [17530.591037]  exe="/usr/bin/dbus-daemon" sauid=103 hostname=? addr=? terminal=?'
Feb  4 15:38:04 lanit kernel: [18468.269692] perf: interrupt took too long (8110 > 8105), lowering kernel.perf_event_max_sample_rate to 24500
Feb  4 15:47:38 lanit kernel: [19042.463055] audit: type=1107 audit(1549277258.289:76): pid=870 uid=103 auid=4294967295 ses=4294967295 msg='apparmor="DENIED" operation="dbus_signal"  bus="system" path="/org/freedesktop/NetworkManager/ActiveConnection/1" interface="org.freedesktop.NetworkManager.Connection.Active" member="PropertiesChanged" name=":1.14" mask="receive" pid=3986 label="snap.telegram-desktop.telegram-desktop" peer_pid=891 peer_label="unconfined"
Feb  4 15:47:38 lanit kernel: [19042.463055]  exe="/usr/bin/dbus-daemon" sauid=103 hostname=? addr=? terminal=?'
Feb  4 16:16:30 lanit kernel: [20774.318651] audit: type=1107 audit(1549278990.153:77): pid=870 uid=103 auid=4294967295 ses=4294967295 msg='apparmor="DENIED" operation="dbus_signal"  bus="system" path="/org/freedesktop/NetworkManager/ActiveConnection/1" interface="org.freedesktop.NetworkManager.Connection.Active" member="PropertiesChanged" name=":1.14" mask="receive" pid=3986 label="snap.telegram-desktop.telegram-desktop" peer_pid=891 peer_label="unconfined"
Feb  4 16:16:30 lanit kernel: [20774.318651]  exe="/usr/bin/dbus-daemon" sauid=103 hostname=? addr=? terminal=?'
Feb  4 16:16:37 lanit kernel: [20782.081035] perf: interrupt took too long (10152 > 10137), lowering kernel.perf_event_max_sample_rate to 19500
Feb  4 16:39:22 lanit kernel: [22146.667745] audit: type=1107 audit(1549280362.507:78): pid=870 uid=103 auid=4294967295 ses=4294967295 msg='apparmor="DENIED" operation="dbus_signal"  bus="system" path="/org/freedesktop/NetworkManager/ActiveConnection/1" interface="org.freedesktop.NetworkManager.Connection.Active" member="PropertiesChanged" name=":1.14" mask="receive" pid=3986 label="snap.telegram-desktop.telegram-desktop" peer_pid=891 peer_label="unconfined"
Feb  4 16:39:22 lanit kernel: [22146.667745]  exe="/usr/bin/dbus-daemon" sauid=103 hostname=? addr=? terminal=?'
Feb  4 17:08:12 lanit kernel: [23876.848786] audit: type=1107 audit(1549282092.695:79): pid=870 uid=103 auid=4294967295 ses=4294967295 msg='apparmor="DENIED" operation="dbus_signal"  bus="system" path="/org/freedesktop/NetworkManager/ActiveConnection/1" interface="org.freedesktop.NetworkManager.Connection.Active" member="PropertiesChanged" name=":1.14" mask="receive" pid=3986 label="snap.telegram-desktop.telegram-desktop" peer_pid=891 peer_label="unconfined"
Feb  4 17:08:12 lanit kernel: [23876.848786]  exe="/usr/bin/dbus-daemon" sauid=103 hostname=? addr=? terminal=?'
Feb  4 17:32:41 lanit kernel: [25346.001398] audit: type=1107 audit(1549283561.858:80): pid=870 uid=103 auid=4294967295 ses=4294967295 msg='apparmor="DENIED" operation="dbus_signal"  bus="system" path="/org/freedesktop/NetworkManager/ActiveConnection/1" interface="org.freedesktop.NetworkManager.Connection.Active" member="PropertiesChanged" name=":1.14" mask="receive" pid=3986 label="snap.telegram-desktop.telegram-desktop" peer_pid=891 peer_label="unconfined"
Feb  4 17:32:41 lanit kernel: [25346.001398]  exe="/usr/bin/dbus-daemon" sauid=103 hostname=? addr=? terminal=?'
Feb  4 17:57:40 lanit kernel: [26844.803775] audit: type=1107 audit(1549285060.665:81): pid=870 uid=103 auid=4294967295 ses=4294967295 msg='apparmor="DENIED" operation="dbus_signal"  bus="system" path="/org/freedesktop/NetworkManager/ActiveConnection/1" interface="org.freedesktop.NetworkManager.Connection.Active" member="PropertiesChanged" name=":1.14" mask="receive" pid=3986 label="snap.telegram-desktop.telegram-desktop" peer_pid=891 peer_label="unconfined"
Feb  4 17:57:40 lanit kernel: [26844.803775]  exe="/usr/bin/dbus-daemon" sauid=103 hostname=? addr=? terminal=?'
Feb  4 18:23:47 lanit kernel: [28411.976784] audit: type=1107 audit(1549286627.849:82): pid=870 uid=103 auid=4294967295 ses=4294967295 msg='apparmor="DENIED" operation="dbus_signal"  bus="system" path="/org/freedesktop/NetworkManager/ActiveConnection/1" interface="org.freedesktop.NetworkManager.Connection.Active" member="PropertiesChanged" name=":1.14" mask="receive" pid=3986 label="snap.telegram-desktop.telegram-desktop" peer_pid=891 peer_label="unconfined"
Feb  4 18:23:47 lanit kernel: [28411.976784]  exe="/usr/bin/dbus-daemon" sauid=103 hostname=? addr=? terminal=?'
Feb  4 18:49:54 lanit kernel: [29978.973587] audit: type=1107 audit(1549288194.852:83): pid=870 uid=103 auid=4294967295 ses=4294967295 msg='apparmor="DENIED" operation="dbus_signal"  bus="system" path="/org/freedesktop/NetworkManager/ActiveConnection/1" interface="org.freedesktop.NetworkManager.Connection.Active" member="PropertiesChanged" name=":1.14" mask="receive" pid=3986 label="snap.telegram-desktop.telegram-desktop" peer_pid=891 peer_label="unconfined"
Feb  4 18:49:54 lanit kernel: [29978.973587]  exe="/usr/bin/dbus-daemon" sauid=103 hostname=? addr=? terminal=?'
Feb  4 19:19:47 lanit kernel: [31771.622145] audit: type=1107 audit(1549289987.508:84): pid=870 uid=103 auid=4294967295 ses=4294967295 msg='apparmor="DENIED" operation="dbus_signal"  bus="system" path="/org/freedesktop/NetworkManager/ActiveConnection/1" interface="org.freedesktop.NetworkManager.Connection.Active" member="PropertiesChanged" name=":1.14" mask="receive" pid=3986 label="snap.telegram-desktop.telegram-desktop" peer_pid=891 peer_label="unconfined"
Feb  4 19:19:47 lanit kernel: [31771.622145]  exe="/usr/bin/dbus-daemon" sauid=103 hostname=? addr=? terminal=?'
